2026-10-10 10:16:39,147 - INFO - Iniciando proceso de scraping
2026-10-10 10:16:39,149 - INFO - Posts existentes encontrados: 2610
2026-10-10 10:16:39,149 - INFO - Intentando obtener posts desde: https://ghostintheblog.com/
2026-10-10 10:16:41,119 - INFO - Se encontraron 10 posts
2026-10-10 10:16:41,120 - INFO - Comenzando extracción de información del post
2026-10-10 10:16:41,120 - WARNING - No se pudo extraer director del título: LA BOLA NEGRA de Los Javis (Javier Calvo y Javier Ambrossi)
2026-10-10 10:16:41,120 - INFO - Post ya existente, saltando: LA BOLA NEGRA de Los Javis (Javier Calvo y Javier Ambrossi)
2026-10-10 10:16:41,120 - INFO - Comenzando extracción de información del post
2026-10-10 10:16:41,121 - INFO - Post ya existente, saltando: EN EL CORAZÓN DE LA BESTIA de David Ayer
2026-10-10 10:16:41,121 - INFO - Comenzando extracción de información del post
2026-10-10 10:16:41,121 - INFO - Post ya existente, saltando: LA ISLA OLVIDADA de Joel Crawford y Januel Mercado
2026-10-10 10:16:41,121 - INFO - Comenzando extracción de información del post
2026-10-10 10:16:41,121 - INFO - Post ya existente, saltando: SUS HIJOS de Pablo Trapero
2026-10-10 10:16:41,121 - INFO - Comenzando extracción de información del post
2026-10-10 10:16:41,121 - INFO - Post ya existente, saltando: TIEMPO DE VICTORIA de Anthony Maras
2026-10-10 10:16:41,122 - INFO - Comenzando extracción de información del post
2026-10-10 10:16:41,122 - INFO - Post ya existente, saltando: COYOTE VS. ACME de Dave Green
2026-10-10 10:16:41,122 - INFO - Comenzando extracción de información del post
2026-10-10 10:16:41,122 - INFO - Post ya existente, saltando: BAD APPLES de Jonatan Etzler
2026-10-10 10:16:41,122 - INFO - Comenzando extracción de información del post
2026-10-10 10:16:41,122 - INFO - Post ya existente, saltando: FORASTERA de Lucía Aleñar Iglesias
2026-10-10 10:16:41,122 - INFO - Comenzando extracción de información del post
2026-10-10 10:16:41,122 - INFO - Post ya existente, saltando: EL LADRÓN DE PERROS de Vinko Tomicic
2026-10-10 10:16:41,122 - INFO - Comenzando extracción de información del post
2026-10-10 10:16:41,123 - INFO - Post ya existente, saltando: CRONOS de Fernando González Molina
2026-10-10 10:16:41,123 - INFO - Proceso completado. Posts nuevos guardados: 0
