2026-10-09 00:10:21,845 - INFO - Iniciando proceso de scraping
2026-10-09 00:10:21,848 - INFO - Posts existentes encontrados: 2610
2026-10-09 00:10:21,848 - INFO - Intentando obtener posts desde: https://ghostintheblog.com/
2026-10-09 00:10:26,161 - INFO - Se encontraron 10 posts
2026-10-09 00:10:26,162 - INFO - Comenzando extracción de información del post
2026-10-09 00:10:26,163 - WARNING - No se pudo extraer director del título: LA BOLA NEGRA de Los Javis (Javier Calvo y Javier Ambrossi)
2026-10-09 00:10:26,163 - INFO - Post ya existente, saltando: LA BOLA NEGRA de Los Javis (Javier Calvo y Javier Ambrossi)
2026-10-09 00:10:26,163 - INFO - Comenzando extracción de información del post
2026-10-09 00:10:26,163 - INFO - Post ya existente, saltando: EN EL CORAZÓN DE LA BESTIA de David Ayer
2026-10-09 00:10:26,163 - INFO - Comenzando extracción de información del post
2026-10-09 00:10:26,163 - INFO - Post ya existente, saltando: LA ISLA OLVIDADA de Joel Crawford y Januel Mercado
2026-10-09 00:10:26,163 - INFO - Comenzando extracción de información del post
2026-10-09 00:10:26,163 - INFO - Post ya existente, saltando: SUS HIJOS de Pablo Trapero
2026-10-09 00:10:26,163 - INFO - Comenzando extracción de información del post
2026-10-09 00:10:26,164 - INFO - Post ya existente, saltando: TIEMPO DE VICTORIA de Anthony Maras
2026-10-09 00:10:26,164 - INFO - Comenzando extracción de información del post
2026-10-09 00:10:26,164 - INFO - Post ya existente, saltando: COYOTE VS. ACME de Dave Green
2026-10-09 00:10:26,164 - INFO - Comenzando extracción de información del post
2026-10-09 00:10:26,164 - INFO - Post ya existente, saltando: BAD APPLES de Jonatan Etzler
2026-10-09 00:10:26,164 - INFO - Comenzando extracción de información del post
2026-10-09 00:10:26,164 - INFO - Post ya existente, saltando: FORASTERA de Lucía Aleñar Iglesias
2026-10-09 00:10:26,164 - INFO - Comenzando extracción de información del post
2026-10-09 00:10:26,164 - INFO - Post ya existente, saltando: EL LADRÓN DE PERROS de Vinko Tomicic
2026-10-09 00:10:26,165 - INFO - Comenzando extracción de información del post
2026-10-09 00:10:26,165 - INFO - Post ya existente, saltando: CRONOS de Fernando González Molina
2026-10-09 00:10:26,165 - INFO - Proceso completado. Posts nuevos guardados: 0
