2026-09-13 00:30:23,335 - INFO - Iniciando proceso de scraping
2026-09-13 00:30:23,337 - INFO - Posts existentes encontrados: 2598
2026-09-13 00:30:23,337 - INFO - Intentando obtener posts desde: https://ghostintheblog.com/
2026-09-13 00:30:25,243 - INFO - Se encontraron 10 posts
2026-09-13 00:30:25,244 - INFO - Comenzando extracción de información del post
2026-09-13 00:30:25,244 - INFO - Post ya existente, saltando: LA CONSTELACIÓN DEL PERRO de Ridley Scott
2026-09-13 00:30:25,244 - INFO - Comenzando extracción de información del post
2026-09-13 00:30:25,244 - INFO - Post ya existente, saltando: UNA NOCHE AL AÑO de Will Gluck
2026-09-13 00:30:25,244 - INFO - Comenzando extracción de información del post
2026-09-13 00:30:25,244 - INFO - Post ya existente, saltando: ERUPCJA de Pete Ohs
2026-09-13 00:30:25,245 - INFO - Comenzando extracción de información del post
2026-09-13 00:30:25,245 - INFO - Post ya existente, saltando: EL SER QUERIDO de Rodrigo Sorogoyen
2026-09-13 00:30:25,245 - INFO - Comenzando extracción de información del post
2026-09-13 00:30:25,245 - INFO - Post ya existente, saltando: EL CORO DE PRAGA de Ondřej Provazník
2026-09-13 00:30:25,245 - INFO - Comenzando extracción de información del post
2026-09-13 00:30:25,245 - INFO - Post ya existente, saltando: PROMETIDO EL CIELO de Erige Sehiri
2026-09-13 00:30:25,245 - INFO - Comenzando extracción de información del post
2026-09-13 00:30:25,245 - INFO - Post ya existente, saltando: EL FINAL DE OAK STREET de David Robert Mitchell
2026-09-13 00:30:25,245 - INFO - Comenzando extracción de información del post
2026-09-13 00:30:25,245 - INFO - Título del post: ESTE / OESTE de Natja Brunckhorst
2026-09-13 00:30:25,245 - INFO - Fecha del post: 2026-08-21T19:35:00+02:00
2026-09-13 00:30:25,245 - INFO - Obteniendo contenido completo de: https://ghostintheblog.com/este-oeste-natja-brunckhorst/
2026-09-13 00:30:27,111 - INFO - Contenido extraído y estructurado (2478 caracteres)
2026-09-13 00:30:27,112 - INFO - Guardando post en: posts/ESTE_/_OESTE_2026-08-21.json
2026-09-13 00:30:27,112 - ERROR - Error guardando post: [Errno 2] No such file or directory: 'posts/ESTE_/_OESTE_2026-08-21.json'
2026-09-13 00:30:27,112 - INFO - Nuevo post guardado: ESTE / OESTE de Natja Brunckhorst
2026-09-13 00:30:27,112 - INFO - Comenzando extracción de información del post
2026-09-13 00:30:27,112 - INFO - Post ya existente, saltando: SIRI HUSTVEDT, LA DANZA DEL YO de Sabine Lidl
2026-09-13 00:30:27,112 - INFO - Comenzando extracción de información del post
2026-09-13 00:30:27,112 - INFO - Post ya existente, saltando: VIVIR LA TIERRA de Huo Meng
2026-09-13 00:30:27,112 - INFO - Proceso completado. Posts nuevos guardados: 1
