2026-09-25 00:27:56,308 - INFO - Iniciando proceso de scraping
2026-09-25 00:27:56,310 - INFO - Posts existentes encontrados: 2604
2026-09-25 00:27:56,311 - INFO - Intentando obtener posts desde: https://ghostintheblog.com/
2026-09-25 00:27:58,207 - INFO - Se encontraron 10 posts
2026-09-25 00:27:58,208 - INFO - Comenzando extracción de información del post
2026-09-25 00:27:58,209 - INFO - Post ya existente, saltando: BAD APPLES de Jonatan Etzler
2026-09-25 00:27:58,209 - INFO - Comenzando extracción de información del post
2026-09-25 00:27:58,209 - INFO - Post ya existente, saltando: FORASTERA de Lucía Aleñar Iglesias
2026-09-25 00:27:58,209 - INFO - Comenzando extracción de información del post
2026-09-25 00:27:58,209 - INFO - Post ya existente, saltando: EL LADRÓN DE PERROS de Vinko Tomicic
2026-09-25 00:27:58,209 - INFO - Comenzando extracción de información del post
2026-09-25 00:27:58,210 - INFO - Post ya existente, saltando: CRONOS de Fernando González Molina
2026-09-25 00:27:58,210 - INFO - Comenzando extracción de información del post
2026-09-25 00:27:58,210 - INFO - Post ya existente, saltando: JIM QUEEN de Marco Nguyen y Nicolas Athane
2026-09-25 00:27:58,210 - INFO - Comenzando extracción de información del post
2026-09-25 00:27:58,210 - INFO - Post ya existente, saltando: CINCO SEGUNDOS de Paolo Virzì
2026-09-25 00:27:58,210 - INFO - Comenzando extracción de información del post
2026-09-25 00:27:58,210 - INFO - Post ya existente, saltando: LA CONSTELACIÓN DEL PERRO de Ridley Scott
2026-09-25 00:27:58,210 - INFO - Comenzando extracción de información del post
2026-09-25 00:27:58,210 - INFO - Post ya existente, saltando: UNA NOCHE AL AÑO de Will Gluck
2026-09-25 00:27:58,210 - INFO - Comenzando extracción de información del post
2026-09-25 00:27:58,211 - INFO - Post ya existente, saltando: ERUPCJA de Pete Ohs
2026-09-25 00:27:58,211 - INFO - Comenzando extracción de información del post
2026-09-25 00:27:58,211 - INFO - Post ya existente, saltando: EL SER QUERIDO de Rodrigo Sorogoyen
2026-09-25 00:27:58,211 - INFO - Proceso completado. Posts nuevos guardados: 0
