2026-09-24 04:12:37,822 - INFO - Iniciando proceso de scraping
2026-09-24 04:12:37,825 - INFO - Posts existentes encontrados: 2604
2026-09-24 04:12:37,825 - INFO - Intentando obtener posts desde: https://ghostintheblog.com/
2026-09-24 04:12:39,815 - INFO - Se encontraron 10 posts
2026-09-24 04:12:39,815 - INFO - Comenzando extracción de información del post
2026-09-24 04:12:39,816 - INFO - Post ya existente, saltando: BAD APPLES de Jonatan Etzler
2026-09-24 04:12:39,816 - INFO - Comenzando extracción de información del post
2026-09-24 04:12:39,816 - INFO - Post ya existente, saltando: FORASTERA de Lucía Aleñar Iglesias
2026-09-24 04:12:39,816 - INFO - Comenzando extracción de información del post
2026-09-24 04:12:39,816 - INFO - Post ya existente, saltando: EL LADRÓN DE PERROS de Vinko Tomicic
2026-09-24 04:12:39,816 - INFO - Comenzando extracción de información del post
2026-09-24 04:12:39,816 - INFO - Post ya existente, saltando: CRONOS de Fernando González Molina
2026-09-24 04:12:39,816 - INFO - Comenzando extracción de información del post
2026-09-24 04:12:39,817 - INFO - Post ya existente, saltando: JIM QUEEN de Marco Nguyen y Nicolas Athane
2026-09-24 04:12:39,817 - INFO - Comenzando extracción de información del post
2026-09-24 04:12:39,817 - INFO - Post ya existente, saltando: CINCO SEGUNDOS de Paolo Virzì
2026-09-24 04:12:39,817 - INFO - Comenzando extracción de información del post
2026-09-24 04:12:39,817 - INFO - Post ya existente, saltando: LA CONSTELACIÓN DEL PERRO de Ridley Scott
2026-09-24 04:12:39,817 - INFO - Comenzando extracción de información del post
2026-09-24 04:12:39,817 - INFO - Post ya existente, saltando: UNA NOCHE AL AÑO de Will Gluck
2026-09-24 04:12:39,817 - INFO - Comenzando extracción de información del post
2026-09-24 04:12:39,817 - INFO - Post ya existente, saltando: ERUPCJA de Pete Ohs
2026-09-24 04:12:39,817 - INFO - Comenzando extracción de información del post
2026-09-24 04:12:39,818 - INFO - Post ya existente, saltando: EL SER QUERIDO de Rodrigo Sorogoyen
2026-09-24 04:12:39,818 - INFO - Proceso completado. Posts nuevos guardados: 0
