2026-09-29 11:39:07,063 - INFO - Iniciando proceso de scraping
2026-09-29 11:39:07,065 - INFO - Posts existentes encontrados: 2607
2026-09-29 11:39:07,065 - INFO - Intentando obtener posts desde: https://ghostintheblog.com/
2026-09-29 11:39:09,262 - INFO - Se encontraron 10 posts
2026-09-29 11:39:09,263 - INFO - Comenzando extracción de información del post
2026-09-29 11:39:09,263 - INFO - Post ya existente, saltando: SUS HIJOS de Pablo Trapero
2026-09-29 11:39:09,263 - INFO - Comenzando extracción de información del post
2026-09-29 11:39:09,264 - INFO - Post ya existente, saltando: TIEMPO DE VICTORIA de Anthony Maras
2026-09-29 11:39:09,264 - INFO - Comenzando extracción de información del post
2026-09-29 11:39:09,264 - INFO - Post ya existente, saltando: COYOTE VS. ACME de Dave Green
2026-09-29 11:39:09,264 - INFO - Comenzando extracción de información del post
2026-09-29 11:39:09,264 - INFO - Post ya existente, saltando: BAD APPLES de Jonatan Etzler
2026-09-29 11:39:09,264 - INFO - Comenzando extracción de información del post
2026-09-29 11:39:09,264 - INFO - Post ya existente, saltando: FORASTERA de Lucía Aleñar Iglesias
2026-09-29 11:39:09,264 - INFO - Comenzando extracción de información del post
2026-09-29 11:39:09,265 - INFO - Post ya existente, saltando: EL LADRÓN DE PERROS de Vinko Tomicic
2026-09-29 11:39:09,265 - INFO - Comenzando extracción de información del post
2026-09-29 11:39:09,265 - INFO - Post ya existente, saltando: CRONOS de Fernando González Molina
2026-09-29 11:39:09,265 - INFO - Comenzando extracción de información del post
2026-09-29 11:39:09,265 - INFO - Post ya existente, saltando: JIM QUEEN de Marco Nguyen y Nicolas Athane
2026-09-29 11:39:09,265 - INFO - Comenzando extracción de información del post
2026-09-29 11:39:09,265 - INFO - Post ya existente, saltando: CINCO SEGUNDOS de Paolo Virzì
2026-09-29 11:39:09,265 - INFO - Comenzando extracción de información del post
2026-09-29 11:39:09,265 - INFO - Post ya existente, saltando: LA CONSTELACIÓN DEL PERRO de Ridley Scott
2026-09-29 11:39:09,265 - INFO - Proceso completado. Posts nuevos guardados: 0
