2026-07-26 00:37:55,151 - INFO - Iniciando proceso de scraping
2026-07-26 00:37:55,153 - INFO - Posts existentes encontrados: 2577
2026-07-26 00:37:55,153 - INFO - Intentando obtener posts desde: https://ghostintheblog.com/
2026-07-26 00:37:56,789 - INFO - Se encontraron 10 posts
2026-07-26 00:37:56,790 - INFO - Comenzando extracción de información del post
2026-07-26 00:37:56,790 - INFO - Título del post: LA ODISEA de Christopher Nolan
2026-07-26 00:37:56,790 - INFO - Fecha del post: 2026-07-26T01:05:58+02:00
2026-07-26 00:37:56,790 - INFO - Obteniendo contenido completo de: https://ghostintheblog.com/critica-de-la-odisea-de-christopher-nolan/
2026-07-26 00:37:58,556 - INFO - Contenido extraído y estructurado (4736 caracteres)
2026-07-26 00:37:58,557 - INFO - Guardando post en: posts/LA_ODISEA_2026-07-26.json
2026-07-26 00:37:58,558 - INFO - Post guardado exitosamente
2026-07-26 00:37:58,558 - INFO - Actualizando índice de películas
2026-07-26 00:37:58,558 - INFO - Archivo de índice: /home/runner/work/scrapingcines/scrapingcines/index.json
2026-07-26 00:37:58,561 - INFO - Índice existente cargado con 2674 películas
2026-07-26 00:37:58,572 - INFO - Película agregada al índice: LA ODISEA
2026-07-26 00:37:58,572 - INFO - Nuevo post guardado: LA ODISEA de Christopher Nolan
2026-07-26 00:37:58,572 - INFO - Comenzando extracción de información del post
2026-07-26 00:37:58,573 - INFO - Título del post: UNA COPIA PERFECTA de Jean-Paul Salomé
2026-07-26 00:37:58,573 - INFO - Fecha del post: 2026-07-26T00:51:49+02:00
2026-07-26 00:37:58,573 - INFO - Obteniendo contenido completo de: https://ghostintheblog.com/critica-de-una-copia-perfecta-de-jean-paul-salome/
2026-07-26 00:38:00,118 - INFO - Contenido extraído y estructurado (2757 caracteres)
2026-07-26 00:38:00,119 - INFO - Guardando post en: posts/UNA_COPIA_PERFECTA_2026-07-26.json
2026-07-26 00:38:00,119 - INFO - Post guardado exitosamente
2026-07-26 00:38:00,119 - INFO - Actualizando índice de películas
2026-07-26 00:38:00,120 - INFO - Archivo de índice: /home/runner/work/scrapingcines/scrapingcines/index.json
2026-07-26 00:38:00,123 - INFO - Índice existente cargado con 2675 películas
2026-07-26 00:38:00,134 - INFO - Película agregada al índice: UNA COPIA PERFECTA
2026-07-26 00:38:00,134 - INFO - Nuevo post guardado: UNA COPIA PERFECTA de Jean-Paul Salomé
2026-07-26 00:38:00,135 - INFO - Comenzando extracción de información del post
2026-07-26 00:38:00,135 - INFO - Título del post: LAS CORRIENTES de Milagros Mumenthaler
2026-07-26 00:38:00,135 - INFO - Fecha del post: 2026-07-26T00:44:49+02:00
2026-07-26 00:38:00,135 - INFO - Obteniendo contenido completo de: https://ghostintheblog.com/critica-de-las-corrientes-de-milagros-mumenthaler/
2026-07-26 00:38:02,066 - INFO - Contenido extraído y estructurado (2831 caracteres)
2026-07-26 00:38:02,067 - INFO - Guardando post en: posts/LAS_CORRIENTES_2026-07-26.json
2026-07-26 00:38:02,067 - INFO - Post guardado exitosamente
2026-07-26 00:38:02,067 - INFO - Actualizando índice de películas
2026-07-26 00:38:02,067 - INFO - Archivo de índice: /home/runner/work/scrapingcines/scrapingcines/index.json
2026-07-26 00:38:02,071 - INFO - Índice existente cargado con 2676 películas
2026-07-26 00:38:02,082 - INFO - Película agregada al índice: LAS CORRIENTES
2026-07-26 00:38:02,083 - INFO - Nuevo post guardado: LAS CORRIENTES de Milagros Mumenthaler
2026-07-26 00:38:02,083 - INFO - Comenzando extracción de información del post
2026-07-26 00:38:02,083 - INFO - Post ya existente, saltando: OMAHA de Cole Webley
2026-07-26 00:38:02,083 - INFO - Comenzando extracción de información del post
2026-07-26 00:38:02,083 - INFO - Post ya existente, saltando: MAGALLANES de Lav Diaz
2026-07-26 00:38:02,083 - INFO - Comenzando extracción de información del post
2026-07-26 00:38:02,083 - INFO - Post ya existente, saltando: EN EL CAMINO de David Pablos
2026-07-26 00:38:02,083 - INFO - Comenzando extracción de información del post
2026-07-26 00:38:02,084 - INFO - Post ya existente, saltando: LA MUERTE DE ROBIN HOOD de Michael Sarnoski
2026-07-26 00:38:02,084 - INFO - Comenzando extracción de información del post
2026-07-26 00:38:02,084 - INFO - Post ya existente, saltando: LOS MÚSICOS de Grégory Magne
2026-07-26 00:38:02,084 - INFO - Comenzando extracción de información del post
2026-07-26 00:38:02,084 - INFO - Post ya existente, saltando: EL CONVENTO de Luis Galindo y Ángel M. Chivite
2026-07-26 00:38:02,084 - INFO - Comenzando extracción de información del post
2026-07-26 00:38:02,084 - INFO - Post ya existente, saltando: OBSESSION de Curry Barker
2026-07-26 00:38:02,084 - INFO - Proceso completado. Posts nuevos guardados: 3
