2026-08-11 12:18:30,285 - INFO - Iniciando proceso de scraping
2026-08-11 12:18:30,287 - INFO - Posts existentes encontrados: 2586
2026-08-11 12:18:30,287 - INFO - Intentando obtener posts desde: https://ghostintheblog.com/
2026-08-11 12:18:31,763 - INFO - Se encontraron 10 posts
2026-08-11 12:18:31,764 - INFO - Comenzando extracción de información del post
2026-08-11 12:18:31,765 - INFO - Título del post: MOTHER MARY de David Lowery
2026-08-11 12:18:31,765 - INFO - Fecha del post: 2026-08-08T20:22:40+02:00
2026-08-11 12:18:31,765 - INFO - Obteniendo contenido completo de: https://ghostintheblog.com/mother-mary-david-lowery-anne-hathaway/
2026-08-11 12:18:33,307 - INFO - Contenido extraído y estructurado (4583 caracteres)
2026-08-11 12:18:33,309 - INFO - Guardando post en: posts/MOTHER_MARY_2026-08-08.json
2026-08-11 12:18:33,309 - INFO - Post guardado exitosamente
2026-08-11 12:18:33,309 - INFO - Actualizando índice de películas
2026-08-11 12:18:33,309 - INFO - Archivo de índice: /home/runner/work/scrapingcines/scrapingcines/index.json
2026-08-11 12:18:33,315 - INFO - Índice existente cargado con 2683 películas
2026-08-11 12:18:33,327 - INFO - Película agregada al índice: MOTHER MARY
2026-08-11 12:18:33,328 - INFO - Nuevo post guardado: MOTHER MARY de David Lowery
2026-08-11 12:18:33,328 - INFO - Comenzando extracción de información del post
2026-08-11 12:18:33,328 - INFO - Post ya existente, saltando: SPIDER-MAN. BRAND NEW DAY de Destin Cretton
2026-08-11 12:18:33,328 - INFO - Comenzando extracción de información del post
2026-08-11 12:18:33,328 - INFO - Post ya existente, saltando: UN SECUESTRO FAMILIAR de Gábor Holtai
2026-08-11 12:18:33,328 - INFO - Comenzando extracción de información del post
2026-08-11 12:18:33,328 - INFO - Post ya existente, saltando: LA ÚLTIMA RONDA EN VENECIA de Francesco Sossai
2026-08-11 12:18:33,328 - INFO - Comenzando extracción de información del post
2026-08-11 12:18:33,329 - INFO - Post ya existente, saltando: EL ANFITRIÓN  de Miguel Ángel Jiménez
2026-08-11 12:18:33,329 - INFO - Comenzando extracción de información del post
2026-08-11 12:18:33,329 - INFO - Post ya existente, saltando: EL MENSAJE de Iván Fund
2026-08-11 12:18:33,329 - INFO - Comenzando extracción de información del post
2026-08-11 12:18:33,329 - INFO - Post ya existente, saltando: LA ODISEA de Christopher Nolan
2026-08-11 12:18:33,329 - INFO - Comenzando extracción de información del post
2026-08-11 12:18:33,329 - INFO - Post ya existente, saltando: UNA COPIA PERFECTA de Jean-Paul Salomé
2026-08-11 12:18:33,329 - INFO - Comenzando extracción de información del post
2026-08-11 12:18:33,329 - INFO - Post ya existente, saltando: LAS CORRIENTES de Milagros Mumenthaler
2026-08-11 12:18:33,329 - INFO - Comenzando extracción de información del post
2026-08-11 12:18:33,329 - INFO - Post ya existente, saltando: OMAHA de Cole Webley
2026-08-11 12:18:33,329 - INFO - Proceso completado. Posts nuevos guardados: 1
