2026-09-20 20:10:02,667 - INFO - Iniciando proceso de scraping
2026-09-20 20:10:02,669 - INFO - Posts existentes encontrados: 2601
2026-09-20 20:10:02,669 - INFO - Intentando obtener posts desde: https://ghostintheblog.com/
2026-09-20 20:10:04,722 - INFO - Se encontraron 10 posts
2026-09-20 20:10:04,723 - INFO - Comenzando extracción de información del post
2026-09-20 20:10:04,724 - INFO - Post ya existente, saltando: CRONOS de Fernando González Molina
2026-09-20 20:10:04,724 - INFO - Comenzando extracción de información del post
2026-09-20 20:10:04,724 - INFO - Post ya existente, saltando: JIM QUEEN de Marco Nguyen y Nicolas Athane
2026-09-20 20:10:04,724 - INFO - Comenzando extracción de información del post
2026-09-20 20:10:04,724 - INFO - Post ya existente, saltando: CINCO SEGUNDOS de Paolo Virzì
2026-09-20 20:10:04,724 - INFO - Comenzando extracción de información del post
2026-09-20 20:10:04,725 - INFO - Post ya existente, saltando: LA CONSTELACIÓN DEL PERRO de Ridley Scott
2026-09-20 20:10:04,725 - INFO - Comenzando extracción de información del post
2026-09-20 20:10:04,725 - INFO - Post ya existente, saltando: UNA NOCHE AL AÑO de Will Gluck
2026-09-20 20:10:04,725 - INFO - Comenzando extracción de información del post
2026-09-20 20:10:04,725 - INFO - Post ya existente, saltando: ERUPCJA de Pete Ohs
2026-09-20 20:10:04,725 - INFO - Comenzando extracción de información del post
2026-09-20 20:10:04,725 - INFO - Post ya existente, saltando: EL SER QUERIDO de Rodrigo Sorogoyen
2026-09-20 20:10:04,725 - INFO - Comenzando extracción de información del post
2026-09-20 20:10:04,725 - INFO - Post ya existente, saltando: EL CORO DE PRAGA de Ondřej Provazník
2026-09-20 20:10:04,726 - INFO - Comenzando extracción de información del post
2026-09-20 20:10:04,726 - INFO - Post ya existente, saltando: PROMETIDO EL CIELO de Erige Sehiri
2026-09-20 20:10:04,726 - INFO - Comenzando extracción de información del post
2026-09-20 20:10:04,726 - INFO - Post ya existente, saltando: EL FINAL DE OAK STREET de David Robert Mitchell
2026-09-20 20:10:04,726 - INFO - Proceso completado. Posts nuevos guardados: 0
