2026-10-08 04:07:52,802 - INFO - Iniciando proceso de scraping
2026-10-08 04:07:52,804 - INFO - Posts existentes encontrados: 2610
2026-10-08 04:07:52,804 - INFO - Intentando obtener posts desde: https://ghostintheblog.com/
2026-10-08 04:07:55,943 - INFO - Se encontraron 10 posts
2026-10-08 04:07:55,944 - INFO - Comenzando extracción de información del post
2026-10-08 04:07:55,945 - WARNING - No se pudo extraer director del título: LA BOLA NEGRA de Los Javis (Javier Calvo y Javier Ambrossi)
2026-10-08 04:07:55,945 - INFO - Post ya existente, saltando: LA BOLA NEGRA de Los Javis (Javier Calvo y Javier Ambrossi)
2026-10-08 04:07:55,945 - INFO - Comenzando extracción de información del post
2026-10-08 04:07:55,945 - INFO - Post ya existente, saltando: EN EL CORAZÓN DE LA BESTIA de David Ayer
2026-10-08 04:07:55,945 - INFO - Comenzando extracción de información del post
2026-10-08 04:07:55,945 - INFO - Post ya existente, saltando: LA ISLA OLVIDADA de Joel Crawford y Januel Mercado
2026-10-08 04:07:55,945 - INFO - Comenzando extracción de información del post
2026-10-08 04:07:55,946 - INFO - Post ya existente, saltando: SUS HIJOS de Pablo Trapero
2026-10-08 04:07:55,946 - INFO - Comenzando extracción de información del post
2026-10-08 04:07:55,946 - INFO - Post ya existente, saltando: TIEMPO DE VICTORIA de Anthony Maras
2026-10-08 04:07:55,946 - INFO - Comenzando extracción de información del post
2026-10-08 04:07:55,946 - INFO - Post ya existente, saltando: COYOTE VS. ACME de Dave Green
2026-10-08 04:07:55,946 - INFO - Comenzando extracción de información del post
2026-10-08 04:07:55,946 - INFO - Post ya existente, saltando: BAD APPLES de Jonatan Etzler
2026-10-08 04:07:55,946 - INFO - Comenzando extracción de información del post
2026-10-08 04:07:55,946 - INFO - Post ya existente, saltando: FORASTERA de Lucía Aleñar Iglesias
2026-10-08 04:07:55,947 - INFO - Comenzando extracción de información del post
2026-10-08 04:07:55,947 - INFO - Post ya existente, saltando: EL LADRÓN DE PERROS de Vinko Tomicic
2026-10-08 04:07:55,947 - INFO - Comenzando extracción de información del post
2026-10-08 04:07:55,947 - INFO - Post ya existente, saltando: CRONOS de Fernando González Molina
2026-10-08 04:07:55,947 - INFO - Proceso completado. Posts nuevos guardados: 0
