2026-09-23 10:02:51,446 - INFO - Iniciando proceso de scraping
2026-09-23 10:02:51,449 - INFO - Posts existentes encontrados: 2604
2026-09-23 10:02:51,449 - INFO - Intentando obtener posts desde: https://ghostintheblog.com/
2026-09-23 10:02:54,340 - INFO - Se encontraron 10 posts
2026-09-23 10:02:54,341 - INFO - Comenzando extracción de información del post
2026-09-23 10:02:54,341 - INFO - Post ya existente, saltando: BAD APPLES de Jonatan Etzler
2026-09-23 10:02:54,341 - INFO - Comenzando extracción de información del post
2026-09-23 10:02:54,341 - INFO - Post ya existente, saltando: FORASTERA de Lucía Aleñar Iglesias
2026-09-23 10:02:54,342 - INFO - Comenzando extracción de información del post
2026-09-23 10:02:54,342 - INFO - Post ya existente, saltando: EL LADRÓN DE PERROS de Vinko Tomicic
2026-09-23 10:02:54,342 - INFO - Comenzando extracción de información del post
2026-09-23 10:02:54,342 - INFO - Post ya existente, saltando: CRONOS de Fernando González Molina
2026-09-23 10:02:54,342 - INFO - Comenzando extracción de información del post
2026-09-23 10:02:54,342 - INFO - Post ya existente, saltando: JIM QUEEN de Marco Nguyen y Nicolas Athane
2026-09-23 10:02:54,342 - INFO - Comenzando extracción de información del post
2026-09-23 10:02:54,342 - INFO - Post ya existente, saltando: CINCO SEGUNDOS de Paolo Virzì
2026-09-23 10:02:54,342 - INFO - Comenzando extracción de información del post
2026-09-23 10:02:54,342 - INFO - Post ya existente, saltando: LA CONSTELACIÓN DEL PERRO de Ridley Scott
2026-09-23 10:02:54,342 - INFO - Comenzando extracción de información del post
2026-09-23 10:02:54,342 - INFO - Post ya existente, saltando: UNA NOCHE AL AÑO de Will Gluck
2026-09-23 10:02:54,342 - INFO - Comenzando extracción de información del post
2026-09-23 10:02:54,343 - INFO - Post ya existente, saltando: ERUPCJA de Pete Ohs
2026-09-23 10:02:54,343 - INFO - Comenzando extracción de información del post
2026-09-23 10:02:54,343 - INFO - Post ya existente, saltando: EL SER QUERIDO de Rodrigo Sorogoyen
2026-09-23 10:02:54,343 - INFO - Proceso completado. Posts nuevos guardados: 0
