2026-08-15 08:06:50,856 - INFO - Iniciando proceso de scraping
2026-08-15 08:06:50,857 - INFO - Posts existentes encontrados: 2587
2026-08-15 08:06:50,857 - INFO - Intentando obtener posts desde: https://ghostintheblog.com/
2026-08-15 08:06:54,561 - INFO - Se encontraron 10 posts
2026-08-15 08:06:54,562 - INFO - Comenzando extracción de información del post
2026-08-15 08:06:54,562 - INFO - Post ya existente, saltando: MOTHER MARY de David Lowery
2026-08-15 08:06:54,562 - INFO - Comenzando extracción de información del post
2026-08-15 08:06:54,562 - INFO - Post ya existente, saltando: SPIDER-MAN. BRAND NEW DAY de Destin Cretton
2026-08-15 08:06:54,563 - INFO - Comenzando extracción de información del post
2026-08-15 08:06:54,563 - INFO - Post ya existente, saltando: UN SECUESTRO FAMILIAR de Gábor Holtai
2026-08-15 08:06:54,563 - INFO - Comenzando extracción de información del post
2026-08-15 08:06:54,563 - INFO - Post ya existente, saltando: LA ÚLTIMA RONDA EN VENECIA de Francesco Sossai
2026-08-15 08:06:54,563 - INFO - Comenzando extracción de información del post
2026-08-15 08:06:54,563 - INFO - Post ya existente, saltando: EL ANFITRIÓN  de Miguel Ángel Jiménez
2026-08-15 08:06:54,563 - INFO - Comenzando extracción de información del post
2026-08-15 08:06:54,563 - INFO - Post ya existente, saltando: EL MENSAJE de Iván Fund
2026-08-15 08:06:54,563 - INFO - Comenzando extracción de información del post
2026-08-15 08:06:54,563 - INFO - Post ya existente, saltando: LA ODISEA de Christopher Nolan
2026-08-15 08:06:54,563 - INFO - Comenzando extracción de información del post
2026-08-15 08:06:54,563 - INFO - Post ya existente, saltando: UNA COPIA PERFECTA de Jean-Paul Salomé
2026-08-15 08:06:54,563 - INFO - Comenzando extracción de información del post
2026-08-15 08:06:54,563 - INFO - Post ya existente, saltando: LAS CORRIENTES de Milagros Mumenthaler
2026-08-15 08:06:54,563 - INFO - Comenzando extracción de información del post
2026-08-15 08:06:54,563 - INFO - Post ya existente, saltando: OMAHA de Cole Webley
2026-08-15 08:06:54,563 - INFO - Proceso completado. Posts nuevos guardados: 0
