2026-08-16 10:04:05,438 - INFO - Iniciando proceso de scraping
2026-08-16 10:04:05,441 - INFO - Posts existentes encontrados: 2587
2026-08-16 10:04:05,441 - INFO - Intentando obtener posts desde: https://ghostintheblog.com/
2026-08-16 10:04:09,632 - INFO - Se encontraron 10 posts
2026-08-16 10:04:09,632 - INFO - Comenzando extracción de información del post
2026-08-16 10:04:09,633 - INFO - Título del post: VIVIR LA TIERRA de Huo Meng
2026-08-16 10:04:09,633 - INFO - Fecha del post: 2026-08-16T11:40:54+02:00
2026-08-16 10:04:09,633 - INFO - Obteniendo contenido completo de: https://ghostintheblog.com/vivir-la-tierra-huo-meng/
2026-08-16 10:04:11,622 - INFO - Contenido extraído y estructurado (4534 caracteres)
2026-08-16 10:04:11,623 - INFO - Guardando post en: posts/VIVIR_LA_TIERRA_2026-08-16.json
2026-08-16 10:04:11,623 - INFO - Post guardado exitosamente
2026-08-16 10:04:11,623 - INFO - Actualizando índice de películas
2026-08-16 10:04:11,624 - INFO - Archivo de índice: /home/runner/work/scrapingcines/scrapingcines/index.json
2026-08-16 10:04:11,628 - INFO - Índice existente cargado con 2684 películas
2026-08-16 10:04:11,641 - INFO - Película agregada al índice: VIVIR LA TIERRA
2026-08-16 10:04:11,641 - INFO - Nuevo post guardado: VIVIR LA TIERRA de Huo Meng
2026-08-16 10:04:11,641 - INFO - Comenzando extracción de información del post
2026-08-16 10:04:11,641 - INFO - Título del post: PALESTINA 36 de Annemarie Jacir
2026-08-16 10:04:11,641 - INFO - Fecha del post: 2026-08-16T11:31:29+02:00
2026-08-16 10:04:11,641 - INFO - Obteniendo contenido completo de: https://ghostintheblog.com/palestina-36-annemarie-jacir/
2026-08-16 10:04:13,778 - INFO - Contenido extraído y estructurado (2641 caracteres)
2026-08-16 10:04:13,779 - INFO - Guardando post en: posts/PALESTINA_36_2026-08-16.json
2026-08-16 10:04:13,779 - INFO - Post guardado exitosamente
2026-08-16 10:04:13,779 - INFO - Actualizando índice de películas
2026-08-16 10:04:13,780 - INFO - Archivo de índice: /home/runner/work/scrapingcines/scrapingcines/index.json
2026-08-16 10:04:13,784 - INFO - Índice existente cargado con 2685 películas
2026-08-16 10:04:13,796 - INFO - Película agregada al índice: PALESTINA 36
2026-08-16 10:04:13,796 - INFO - Nuevo post guardado: PALESTINA 36 de Annemarie Jacir
2026-08-16 10:04:13,796 - INFO - Comenzando extracción de información del post
2026-08-16 10:04:13,797 - INFO - Título del post: EL AMOR QUE PERMANECE de Hlynur Pálmason
2026-08-16 10:04:13,797 - INFO - Fecha del post: 2026-08-16T11:21:31+02:00
2026-08-16 10:04:13,797 - INFO - Obteniendo contenido completo de: https://ghostintheblog.com/el-amor-que-permanece-hlynur-palmason/
2026-08-16 10:04:16,087 - INFO - Contenido extraído y estructurado (2781 caracteres)
2026-08-16 10:04:16,088 - INFO - Guardando post en: posts/EL_AMOR_QUE_PERMANECE_2026-08-16.json
2026-08-16 10:04:16,088 - INFO - Post guardado exitosamente
2026-08-16 10:04:16,088 - INFO - Actualizando índice de películas
2026-08-16 10:04:16,088 - INFO - Archivo de índice: /home/runner/work/scrapingcines/scrapingcines/index.json
2026-08-16 10:04:16,092 - INFO - Índice existente cargado con 2686 películas
2026-08-16 10:04:16,104 - INFO - Película agregada al índice: EL AMOR QUE PERMANECE
2026-08-16 10:04:16,104 - INFO - Nuevo post guardado: EL AMOR QUE PERMANECE de Hlynur Pálmason
2026-08-16 10:04:16,104 - INFO - Comenzando extracción de información del post
2026-08-16 10:04:16,104 - INFO - Post ya existente, saltando: MOTHER MARY de David Lowery
2026-08-16 10:04:16,104 - INFO - Comenzando extracción de información del post
2026-08-16 10:04:16,104 - INFO - Post ya existente, saltando: SPIDER-MAN. BRAND NEW DAY de Destin Cretton
2026-08-16 10:04:16,104 - INFO - Comenzando extracción de información del post
2026-08-16 10:04:16,105 - INFO - Post ya existente, saltando: UN SECUESTRO FAMILIAR de Gábor Holtai
2026-08-16 10:04:16,105 - INFO - Comenzando extracción de información del post
2026-08-16 10:04:16,105 - INFO - Post ya existente, saltando: LA ÚLTIMA RONDA EN VENECIA de Francesco Sossai
2026-08-16 10:04:16,105 - INFO - Comenzando extracción de información del post
2026-08-16 10:04:16,105 - INFO - Post ya existente, saltando: EL ANFITRIÓN  de Miguel Ángel Jiménez
2026-08-16 10:04:16,105 - INFO - Comenzando extracción de información del post
2026-08-16 10:04:16,105 - INFO - Post ya existente, saltando: EL MENSAJE de Iván Fund
2026-08-16 10:04:16,105 - INFO - Comenzando extracción de información del post
2026-08-16 10:04:16,105 - INFO - Post ya existente, saltando: LA ODISEA de Christopher Nolan
2026-08-16 10:04:16,105 - INFO - Proceso completado. Posts nuevos guardados: 3
