2026-08-13 16:19:26,996 - INFO - Iniciando proceso de scraping
2026-08-13 16:19:26,999 - INFO - Posts existentes encontrados: 2587
2026-08-13 16:19:26,999 - INFO - Intentando obtener posts desde: https://ghostintheblog.com/
2026-08-13 16:19:30,397 - INFO - Se encontraron 10 posts
2026-08-13 16:19:30,398 - INFO - Comenzando extracción de información del post
2026-08-13 16:19:30,399 - INFO - Post ya existente, saltando: MOTHER MARY de David Lowery
2026-08-13 16:19:30,399 - INFO - Comenzando extracción de información del post
2026-08-13 16:19:30,399 - INFO - Post ya existente, saltando: SPIDER-MAN. BRAND NEW DAY de Destin Cretton
2026-08-13 16:19:30,399 - INFO - Comenzando extracción de información del post
2026-08-13 16:19:30,399 - INFO - Post ya existente, saltando: UN SECUESTRO FAMILIAR de Gábor Holtai
2026-08-13 16:19:30,399 - INFO - Comenzando extracción de información del post
2026-08-13 16:19:30,399 - INFO - Post ya existente, saltando: LA ÚLTIMA RONDA EN VENECIA de Francesco Sossai
2026-08-13 16:19:30,399 - INFO - Comenzando extracción de información del post
2026-08-13 16:19:30,400 - INFO - Post ya existente, saltando: EL ANFITRIÓN  de Miguel Ángel Jiménez
2026-08-13 16:19:30,400 - INFO - Comenzando extracción de información del post
2026-08-13 16:19:30,400 - INFO - Post ya existente, saltando: EL MENSAJE de Iván Fund
2026-08-13 16:19:30,400 - INFO - Comenzando extracción de información del post
2026-08-13 16:19:30,400 - INFO - Post ya existente, saltando: LA ODISEA de Christopher Nolan
2026-08-13 16:19:30,400 - INFO - Comenzando extracción de información del post
2026-08-13 16:19:30,400 - INFO - Post ya existente, saltando: UNA COPIA PERFECTA de Jean-Paul Salomé
2026-08-13 16:19:30,400 - INFO - Comenzando extracción de información del post
2026-08-13 16:19:30,400 - INFO - Post ya existente, saltando: LAS CORRIENTES de Milagros Mumenthaler
2026-08-13 16:19:30,400 - INFO - Comenzando extracción de información del post
2026-08-13 16:19:30,400 - INFO - Post ya existente, saltando: OMAHA de Cole Webley
2026-08-13 16:19:30,400 - INFO - Proceso completado. Posts nuevos guardados: 0
