2026-09-11 00:27:40,425 - INFO - Iniciando proceso de scraping
2026-09-11 00:27:40,427 - INFO - Posts existentes encontrados: 2598
2026-09-11 00:27:40,427 - INFO - Intentando obtener posts desde: https://ghostintheblog.com/
2026-09-11 00:27:41,884 - INFO - Se encontraron 10 posts
2026-09-11 00:27:41,885 - INFO - Comenzando extracción de información del post
2026-09-11 00:27:41,885 - INFO - Post ya existente, saltando: LA CONSTELACIÓN DEL PERRO de Ridley Scott
2026-09-11 00:27:41,886 - INFO - Comenzando extracción de información del post
2026-09-11 00:27:41,886 - INFO - Post ya existente, saltando: UNA NOCHE AL AÑO de Will Gluck
2026-09-11 00:27:41,886 - INFO - Comenzando extracción de información del post
2026-09-11 00:27:41,886 - INFO - Post ya existente, saltando: ERUPCJA de Pete Ohs
2026-09-11 00:27:41,886 - INFO - Comenzando extracción de información del post
2026-09-11 00:27:41,886 - INFO - Post ya existente, saltando: EL SER QUERIDO de Rodrigo Sorogoyen
2026-09-11 00:27:41,886 - INFO - Comenzando extracción de información del post
2026-09-11 00:27:41,886 - INFO - Post ya existente, saltando: EL CORO DE PRAGA de Ondřej Provazník
2026-09-11 00:27:41,886 - INFO - Comenzando extracción de información del post
2026-09-11 00:27:41,887 - INFO - Post ya existente, saltando: PROMETIDO EL CIELO de Erige Sehiri
2026-09-11 00:27:41,887 - INFO - Comenzando extracción de información del post
2026-09-11 00:27:41,887 - INFO - Post ya existente, saltando: EL FINAL DE OAK STREET de David Robert Mitchell
2026-09-11 00:27:41,887 - INFO - Comenzando extracción de información del post
2026-09-11 00:27:41,887 - INFO - Título del post: ESTE / OESTE de Natja Brunckhorst
2026-09-11 00:27:41,887 - INFO - Fecha del post: 2026-08-21T19:35:00+02:00
2026-09-11 00:27:41,887 - INFO - Obteniendo contenido completo de: https://ghostintheblog.com/este-oeste-natja-brunckhorst/
2026-09-11 00:27:43,370 - INFO - Contenido extraído y estructurado (2478 caracteres)
2026-09-11 00:27:43,371 - INFO - Guardando post en: posts/ESTE_/_OESTE_2026-08-21.json
2026-09-11 00:27:43,372 - ERROR - Error guardando post: [Errno 2] No such file or directory: 'posts/ESTE_/_OESTE_2026-08-21.json'
2026-09-11 00:27:43,372 - INFO - Nuevo post guardado: ESTE / OESTE de Natja Brunckhorst
2026-09-11 00:27:43,372 - INFO - Comenzando extracción de información del post
2026-09-11 00:27:43,372 - INFO - Post ya existente, saltando: SIRI HUSTVEDT, LA DANZA DEL YO de Sabine Lidl
2026-09-11 00:27:43,372 - INFO - Comenzando extracción de información del post
2026-09-11 00:27:43,372 - INFO - Post ya existente, saltando: VIVIR LA TIERRA de Huo Meng
2026-09-11 00:27:43,372 - INFO - Proceso completado. Posts nuevos guardados: 1
