2026-07-25 10:29:33,908 - INFO - Iniciando proceso de scraping
2026-07-25 10:29:33,911 - INFO - Posts existentes encontrados: 2577
2026-07-25 10:29:33,911 - INFO - Intentando obtener posts desde: https://ghostintheblog.com/
2026-07-25 10:29:37,333 - INFO - Se encontraron 10 posts
2026-07-25 10:29:37,334 - INFO - Comenzando extracción de información del post
2026-07-25 10:29:37,334 - INFO - Post ya existente, saltando: OMAHA de Cole Webley
2026-07-25 10:29:37,335 - INFO - Comenzando extracción de información del post
2026-07-25 10:29:37,335 - INFO - Post ya existente, saltando: MAGALLANES de Lav Diaz
2026-07-25 10:29:37,335 - INFO - Comenzando extracción de información del post
2026-07-25 10:29:37,335 - INFO - Post ya existente, saltando: EN EL CAMINO de David Pablos
2026-07-25 10:29:37,335 - INFO - Comenzando extracción de información del post
2026-07-25 10:29:37,335 - INFO - Post ya existente, saltando: LA MUERTE DE ROBIN HOOD de Michael Sarnoski
2026-07-25 10:29:37,335 - INFO - Comenzando extracción de información del post
2026-07-25 10:29:37,335 - INFO - Post ya existente, saltando: LOS MÚSICOS de Grégory Magne
2026-07-25 10:29:37,335 - INFO - Comenzando extracción de información del post
2026-07-25 10:29:37,335 - INFO - Post ya existente, saltando: EL CONVENTO de Luis Galindo y Ángel M. Chivite
2026-07-25 10:29:37,335 - INFO - Comenzando extracción de información del post
2026-07-25 10:29:37,336 - INFO - Post ya existente, saltando: OBSESSION de Curry Barker
2026-07-25 10:29:37,336 - INFO - Comenzando extracción de información del post
2026-07-25 10:29:37,336 - INFO - Post ya existente, saltando: LO ÚLTIMOS DÍAS DE MARIA ANTONIETA de Gianluca Jodice
2026-07-25 10:29:37,336 - INFO - Comenzando extracción de información del post
2026-07-25 10:29:37,336 - INFO - Post ya existente, saltando: SUPERGIRL de Craig Gillespie
2026-07-25 10:29:37,336 - INFO - Comenzando extracción de información del post
2026-07-25 10:29:37,336 - INFO - Post ya existente, saltando: LA MUJER SIN NOMBRE de Haifaa Al-Mansour
2026-07-25 10:29:37,336 - INFO - Proceso completado. Posts nuevos guardados: 0
