2026-09-05 04:11:58,581 - INFO - Iniciando proceso de scraping
2026-09-05 04:11:58,583 - INFO - Posts existentes encontrados: 2595
2026-09-05 04:11:58,583 - INFO - Intentando obtener posts desde: https://ghostintheblog.com/
2026-09-05 04:12:00,668 - INFO - Se encontraron 10 posts
2026-09-05 04:12:00,669 - INFO - Comenzando extracción de información del post
2026-09-05 04:12:00,669 - INFO - Post ya existente, saltando: EL SER QUERIDO de Rodrigo Sorogoyen
2026-09-05 04:12:00,669 - INFO - Comenzando extracción de información del post
2026-09-05 04:12:00,669 - INFO - Post ya existente, saltando: EL CORO DE PRAGA de Ondřej Provazník
2026-09-05 04:12:00,669 - INFO - Comenzando extracción de información del post
2026-09-05 04:12:00,669 - INFO - Post ya existente, saltando: PROMETIDO EL CIELO de Erige Sehiri
2026-09-05 04:12:00,670 - INFO - Comenzando extracción de información del post
2026-09-05 04:12:00,670 - INFO - Post ya existente, saltando: EL FINAL DE OAK STREET de David Robert Mitchell
2026-09-05 04:12:00,670 - INFO - Comenzando extracción de información del post
2026-09-05 04:12:00,670 - INFO - Título del post: ESTE / OESTE de Natja Brunckhorst
2026-09-05 04:12:00,670 - INFO - Fecha del post: 2026-08-21T19:35:00+02:00
2026-09-05 04:12:00,670 - INFO - Obteniendo contenido completo de: https://ghostintheblog.com/este-oeste-natja-brunckhorst/
2026-09-05 04:12:02,987 - INFO - Contenido extraído y estructurado (2478 caracteres)
2026-09-05 04:12:02,988 - INFO - Guardando post en: posts/ESTE_/_OESTE_2026-08-21.json
2026-09-05 04:12:02,988 - ERROR - Error guardando post: [Errno 2] No such file or directory: 'posts/ESTE_/_OESTE_2026-08-21.json'
2026-09-05 04:12:02,988 - INFO - Nuevo post guardado: ESTE / OESTE de Natja Brunckhorst
2026-09-05 04:12:02,988 - INFO - Comenzando extracción de información del post
2026-09-05 04:12:02,989 - INFO - Post ya existente, saltando: SIRI HUSTVEDT, LA DANZA DEL YO de Sabine Lidl
2026-09-05 04:12:02,989 - INFO - Comenzando extracción de información del post
2026-09-05 04:12:02,989 - INFO - Post ya existente, saltando: VIVIR LA TIERRA de Huo Meng
2026-09-05 04:12:02,989 - INFO - Comenzando extracción de información del post
2026-09-05 04:12:02,989 - INFO - Post ya existente, saltando: PALESTINA 36 de Annemarie Jacir
2026-09-05 04:12:02,989 - INFO - Comenzando extracción de información del post
2026-09-05 04:12:02,989 - INFO - Post ya existente, saltando: EL AMOR QUE PERMANECE de Hlynur Pálmason
2026-09-05 04:12:02,989 - INFO - Comenzando extracción de información del post
2026-09-05 04:12:02,989 - INFO - Post ya existente, saltando: MOTHER MARY de David Lowery
2026-09-05 04:12:02,989 - INFO - Proceso completado. Posts nuevos guardados: 1
