2026-07-31 09:03:13,364 - INFO - Iniciando proceso de scraping
2026-07-31 09:03:13,366 - INFO - Posts existentes encontrados: 2580
2026-07-31 09:03:13,366 - INFO - Intentando obtener posts desde: https://ghostintheblog.com/
2026-07-31 09:03:14,997 - INFO - Se encontraron 10 posts
2026-07-31 09:03:14,998 - INFO - Comenzando extracción de información del post
2026-07-31 09:03:14,998 - INFO - Post ya existente, saltando: LA ODISEA de Christopher Nolan
2026-07-31 09:03:14,999 - INFO - Comenzando extracción de información del post
2026-07-31 09:03:14,999 - INFO - Post ya existente, saltando: UNA COPIA PERFECTA de Jean-Paul Salomé
2026-07-31 09:03:14,999 - INFO - Comenzando extracción de información del post
2026-07-31 09:03:14,999 - INFO - Post ya existente, saltando: LAS CORRIENTES de Milagros Mumenthaler
2026-07-31 09:03:14,999 - INFO - Comenzando extracción de información del post
2026-07-31 09:03:14,999 - INFO - Post ya existente, saltando: OMAHA de Cole Webley
2026-07-31 09:03:14,999 - INFO - Comenzando extracción de información del post
2026-07-31 09:03:14,999 - INFO - Post ya existente, saltando: MAGALLANES de Lav Diaz
2026-07-31 09:03:14,999 - INFO - Comenzando extracción de información del post
2026-07-31 09:03:14,999 - INFO - Post ya existente, saltando: EN EL CAMINO de David Pablos
2026-07-31 09:03:14,999 - INFO - Comenzando extracción de información del post
2026-07-31 09:03:14,999 - INFO - Post ya existente, saltando: LA MUERTE DE ROBIN HOOD de Michael Sarnoski
2026-07-31 09:03:14,999 - INFO - Comenzando extracción de información del post
2026-07-31 09:03:14,999 - INFO - Post ya existente, saltando: LOS MÚSICOS de Grégory Magne
2026-07-31 09:03:14,999 - INFO - Comenzando extracción de información del post
2026-07-31 09:03:14,999 - INFO - Post ya existente, saltando: EL CONVENTO de Luis Galindo y Ángel M. Chivite
2026-07-31 09:03:14,999 - INFO - Comenzando extracción de información del post
2026-07-31 09:03:15,000 - INFO - Post ya existente, saltando: OBSESSION de Curry Barker
2026-07-31 09:03:15,000 - INFO - Proceso completado. Posts nuevos guardados: 0
