2026-08-17 00:12:25,652 - INFO - Iniciando proceso de scraping
2026-08-17 00:12:25,654 - INFO - Posts existentes encontrados: 2590
2026-08-17 00:12:25,654 - INFO - Intentando obtener posts desde: https://ghostintheblog.com/
2026-08-17 00:12:29,300 - INFO - Se encontraron 10 posts
2026-08-17 00:12:29,301 - INFO - Comenzando extracción de información del post
2026-08-17 00:12:29,302 - INFO - Post ya existente, saltando: VIVIR LA TIERRA de Huo Meng
2026-08-17 00:12:29,302 - INFO - Comenzando extracción de información del post
2026-08-17 00:12:29,302 - INFO - Post ya existente, saltando: PALESTINA 36 de Annemarie Jacir
2026-08-17 00:12:29,302 - INFO - Comenzando extracción de información del post
2026-08-17 00:12:29,302 - INFO - Post ya existente, saltando: EL AMOR QUE PERMANECE de Hlynur Pálmason
2026-08-17 00:12:29,302 - INFO - Comenzando extracción de información del post
2026-08-17 00:12:29,302 - INFO - Post ya existente, saltando: MOTHER MARY de David Lowery
2026-08-17 00:12:29,302 - INFO - Comenzando extracción de información del post
2026-08-17 00:12:29,302 - INFO - Post ya existente, saltando: SPIDER-MAN. BRAND NEW DAY de Destin Cretton
2026-08-17 00:12:29,302 - INFO - Comenzando extracción de información del post
2026-08-17 00:12:29,302 - INFO - Post ya existente, saltando: UN SECUESTRO FAMILIAR de Gábor Holtai
2026-08-17 00:12:29,303 - INFO - Comenzando extracción de información del post
2026-08-17 00:12:29,303 - INFO - Post ya existente, saltando: LA ÚLTIMA RONDA EN VENECIA de Francesco Sossai
2026-08-17 00:12:29,303 - INFO - Comenzando extracción de información del post
2026-08-17 00:12:29,303 - INFO - Post ya existente, saltando: EL ANFITRIÓN  de Miguel Ángel Jiménez
2026-08-17 00:12:29,303 - INFO - Comenzando extracción de información del post
2026-08-17 00:12:29,303 - INFO - Post ya existente, saltando: EL MENSAJE de Iván Fund
2026-08-17 00:12:29,303 - INFO - Comenzando extracción de información del post
2026-08-17 00:12:29,303 - INFO - Post ya existente, saltando: LA ODISEA de Christopher Nolan
2026-08-17 00:12:29,303 - INFO - Proceso completado. Posts nuevos guardados: 0
