2026-08-06 05:05:00,828 - INFO - Iniciando proceso de scraping
2026-08-06 05:05:00,831 - INFO - Posts existentes encontrados: 2583
2026-08-06 05:05:00,831 - INFO - Intentando obtener posts desde: https://ghostintheblog.com/
2026-08-06 05:05:02,381 - INFO - Se encontraron 10 posts
2026-08-06 05:05:02,382 - INFO - Comenzando extracción de información del post
2026-08-06 05:05:02,382 - INFO - Post ya existente, saltando: LA ÚLTIMA RONDA EN VENECIA de Francesco Sossai
2026-08-06 05:05:02,382 - INFO - Comenzando extracción de información del post
2026-08-06 05:05:02,383 - INFO - Post ya existente, saltando: EL ANFITRIÓN  de Miguel Ángel Jiménez
2026-08-06 05:05:02,383 - INFO - Comenzando extracción de información del post
2026-08-06 05:05:02,383 - INFO - Post ya existente, saltando: EL MENSAJE de Iván Fund
2026-08-06 05:05:02,383 - INFO - Comenzando extracción de información del post
2026-08-06 05:05:02,383 - INFO - Post ya existente, saltando: LA ODISEA de Christopher Nolan
2026-08-06 05:05:02,383 - INFO - Comenzando extracción de información del post
2026-08-06 05:05:02,383 - INFO - Post ya existente, saltando: UNA COPIA PERFECTA de Jean-Paul Salomé
2026-08-06 05:05:02,383 - INFO - Comenzando extracción de información del post
2026-08-06 05:05:02,383 - INFO - Post ya existente, saltando: LAS CORRIENTES de Milagros Mumenthaler
2026-08-06 05:05:02,383 - INFO - Comenzando extracción de información del post
2026-08-06 05:05:02,383 - INFO - Post ya existente, saltando: OMAHA de Cole Webley
2026-08-06 05:05:02,383 - INFO - Comenzando extracción de información del post
2026-08-06 05:05:02,384 - INFO - Post ya existente, saltando: MAGALLANES de Lav Diaz
2026-08-06 05:05:02,384 - INFO - Comenzando extracción de información del post
2026-08-06 05:05:02,384 - INFO - Post ya existente, saltando: EN EL CAMINO de David Pablos
2026-08-06 05:05:02,384 - INFO - Comenzando extracción de información del post
2026-08-06 05:05:02,384 - INFO - Post ya existente, saltando: LA MUERTE DE ROBIN HOOD de Michael Sarnoski
2026-08-06 05:05:02,384 - INFO - Proceso completado. Posts nuevos guardados: 0
