2026-08-20 08:13:45,180 - INFO - Iniciando proceso de scraping
2026-08-20 08:13:45,182 - INFO - Posts existentes encontrados: 2590
2026-08-20 08:13:45,182 - INFO - Intentando obtener posts desde: https://ghostintheblog.com/
2026-08-20 08:13:48,003 - INFO - Se encontraron 10 posts
2026-08-20 08:13:48,004 - INFO - Comenzando extracción de información del post
2026-08-20 08:13:48,004 - INFO - Post ya existente, saltando: VIVIR LA TIERRA de Huo Meng
2026-08-20 08:13:48,004 - INFO - Comenzando extracción de información del post
2026-08-20 08:13:48,004 - INFO - Post ya existente, saltando: PALESTINA 36 de Annemarie Jacir
2026-08-20 08:13:48,005 - INFO - Comenzando extracción de información del post
2026-08-20 08:13:48,005 - INFO - Post ya existente, saltando: EL AMOR QUE PERMANECE de Hlynur Pálmason
2026-08-20 08:13:48,005 - INFO - Comenzando extracción de información del post
2026-08-20 08:13:48,005 - INFO - Post ya existente, saltando: MOTHER MARY de David Lowery
2026-08-20 08:13:48,005 - INFO - Comenzando extracción de información del post
2026-08-20 08:13:48,005 - INFO - Post ya existente, saltando: SPIDER-MAN. BRAND NEW DAY de Destin Cretton
2026-08-20 08:13:48,005 - INFO - Comenzando extracción de información del post
2026-08-20 08:13:48,005 - INFO - Post ya existente, saltando: UN SECUESTRO FAMILIAR de Gábor Holtai
2026-08-20 08:13:48,005 - INFO - Comenzando extracción de información del post
2026-08-20 08:13:48,006 - INFO - Post ya existente, saltando: LA ÚLTIMA RONDA EN VENECIA de Francesco Sossai
2026-08-20 08:13:48,006 - INFO - Comenzando extracción de información del post
2026-08-20 08:13:48,006 - INFO - Post ya existente, saltando: EL ANFITRIÓN  de Miguel Ángel Jiménez
2026-08-20 08:13:48,006 - INFO - Comenzando extracción de información del post
2026-08-20 08:13:48,006 - INFO - Post ya existente, saltando: EL MENSAJE de Iván Fund
2026-08-20 08:13:48,006 - INFO - Comenzando extracción de información del post
2026-08-20 08:13:48,006 - INFO - Post ya existente, saltando: LA ODISEA de Christopher Nolan
2026-08-20 08:13:48,006 - INFO - Proceso completado. Posts nuevos guardados: 0
