2026-07-29 00:31:37,651 - INFO - Iniciando proceso de scraping
2026-07-29 00:31:37,653 - INFO - Posts existentes encontrados: 2580
2026-07-29 00:31:37,653 - INFO - Intentando obtener posts desde: https://ghostintheblog.com/
2026-07-29 00:31:39,841 - INFO - Se encontraron 10 posts
2026-07-29 00:31:39,841 - INFO - Comenzando extracción de información del post
2026-07-29 00:31:39,842 - INFO - Post ya existente, saltando: LA ODISEA de Christopher Nolan
2026-07-29 00:31:39,842 - INFO - Comenzando extracción de información del post
2026-07-29 00:31:39,842 - INFO - Post ya existente, saltando: UNA COPIA PERFECTA de Jean-Paul Salomé
2026-07-29 00:31:39,842 - INFO - Comenzando extracción de información del post
2026-07-29 00:31:39,842 - INFO - Post ya existente, saltando: LAS CORRIENTES de Milagros Mumenthaler
2026-07-29 00:31:39,842 - INFO - Comenzando extracción de información del post
2026-07-29 00:31:39,842 - INFO - Post ya existente, saltando: OMAHA de Cole Webley
2026-07-29 00:31:39,842 - INFO - Comenzando extracción de información del post
2026-07-29 00:31:39,842 - INFO - Post ya existente, saltando: MAGALLANES de Lav Diaz
2026-07-29 00:31:39,842 - INFO - Comenzando extracción de información del post
2026-07-29 00:31:39,842 - INFO - Post ya existente, saltando: EN EL CAMINO de David Pablos
2026-07-29 00:31:39,842 - INFO - Comenzando extracción de información del post
2026-07-29 00:31:39,842 - INFO - Post ya existente, saltando: LA MUERTE DE ROBIN HOOD de Michael Sarnoski
2026-07-29 00:31:39,842 - INFO - Comenzando extracción de información del post
2026-07-29 00:31:39,843 - INFO - Post ya existente, saltando: LOS MÚSICOS de Grégory Magne
2026-07-29 00:31:39,843 - INFO - Comenzando extracción de información del post
2026-07-29 00:31:39,843 - INFO - Post ya existente, saltando: EL CONVENTO de Luis Galindo y Ángel M. Chivite
2026-07-29 00:31:39,843 - INFO - Comenzando extracción de información del post
2026-07-29 00:31:39,843 - INFO - Post ya existente, saltando: OBSESSION de Curry Barker
2026-07-29 00:31:39,843 - INFO - Proceso completado. Posts nuevos guardados: 0
