2026-09-20 12:14:01,667 - INFO - Iniciando proceso de scraping
2026-09-20 12:14:01,670 - INFO - Posts existentes encontrados: 2601
2026-09-20 12:14:01,670 - INFO - Intentando obtener posts desde: https://ghostintheblog.com/
2026-09-20 12:14:03,568 - INFO - Se encontraron 10 posts
2026-09-20 12:14:03,569 - INFO - Comenzando extracción de información del post
2026-09-20 12:14:03,570 - INFO - Post ya existente, saltando: CRONOS de Fernando González Molina
2026-09-20 12:14:03,570 - INFO - Comenzando extracción de información del post
2026-09-20 12:14:03,570 - INFO - Post ya existente, saltando: JIM QUEEN de Marco Nguyen y Nicolas Athane
2026-09-20 12:14:03,570 - INFO - Comenzando extracción de información del post
2026-09-20 12:14:03,570 - INFO - Post ya existente, saltando: CINCO SEGUNDOS de Paolo Virzì
2026-09-20 12:14:03,570 - INFO - Comenzando extracción de información del post
2026-09-20 12:14:03,570 - INFO - Post ya existente, saltando: LA CONSTELACIÓN DEL PERRO de Ridley Scott
2026-09-20 12:14:03,571 - INFO - Comenzando extracción de información del post
2026-09-20 12:14:03,571 - INFO - Post ya existente, saltando: UNA NOCHE AL AÑO de Will Gluck
2026-09-20 12:14:03,571 - INFO - Comenzando extracción de información del post
2026-09-20 12:14:03,571 - INFO - Post ya existente, saltando: ERUPCJA de Pete Ohs
2026-09-20 12:14:03,571 - INFO - Comenzando extracción de información del post
2026-09-20 12:14:03,571 - INFO - Post ya existente, saltando: EL SER QUERIDO de Rodrigo Sorogoyen
2026-09-20 12:14:03,571 - INFO - Comenzando extracción de información del post
2026-09-20 12:14:03,571 - INFO - Post ya existente, saltando: EL CORO DE PRAGA de Ondřej Provazník
2026-09-20 12:14:03,571 - INFO - Comenzando extracción de información del post
2026-09-20 12:14:03,572 - INFO - Post ya existente, saltando: PROMETIDO EL CIELO de Erige Sehiri
2026-09-20 12:14:03,572 - INFO - Comenzando extracción de información del post
2026-09-20 12:14:03,572 - INFO - Post ya existente, saltando: EL FINAL DE OAK STREET de David Robert Mitchell
2026-09-20 12:14:03,572 - INFO - Proceso completado. Posts nuevos guardados: 0
