2026-07-29 12:43:22,944 - INFO - Iniciando proceso de scraping
2026-07-29 12:43:22,947 - INFO - Posts existentes encontrados: 2580
2026-07-29 12:43:22,947 - INFO - Intentando obtener posts desde: https://ghostintheblog.com/
2026-07-29 12:43:24,630 - INFO - Se encontraron 10 posts
2026-07-29 12:43:24,631 - INFO - Comenzando extracción de información del post
2026-07-29 12:43:24,631 - INFO - Post ya existente, saltando: LA ODISEA de Christopher Nolan
2026-07-29 12:43:24,631 - INFO - Comenzando extracción de información del post
2026-07-29 12:43:24,631 - INFO - Post ya existente, saltando: UNA COPIA PERFECTA de Jean-Paul Salomé
2026-07-29 12:43:24,631 - INFO - Comenzando extracción de información del post
2026-07-29 12:43:24,631 - INFO - Post ya existente, saltando: LAS CORRIENTES de Milagros Mumenthaler
2026-07-29 12:43:24,632 - INFO - Comenzando extracción de información del post
2026-07-29 12:43:24,632 - INFO - Post ya existente, saltando: OMAHA de Cole Webley
2026-07-29 12:43:24,632 - INFO - Comenzando extracción de información del post
2026-07-29 12:43:24,632 - INFO - Post ya existente, saltando: MAGALLANES de Lav Diaz
2026-07-29 12:43:24,632 - INFO - Comenzando extracción de información del post
2026-07-29 12:43:24,632 - INFO - Post ya existente, saltando: EN EL CAMINO de David Pablos
2026-07-29 12:43:24,632 - INFO - Comenzando extracción de información del post
2026-07-29 12:43:24,632 - INFO - Post ya existente, saltando: LA MUERTE DE ROBIN HOOD de Michael Sarnoski
2026-07-29 12:43:24,632 - INFO - Comenzando extracción de información del post
2026-07-29 12:43:24,632 - INFO - Post ya existente, saltando: LOS MÚSICOS de Grégory Magne
2026-07-29 12:43:24,633 - INFO - Comenzando extracción de información del post
2026-07-29 12:43:24,633 - INFO - Post ya existente, saltando: EL CONVENTO de Luis Galindo y Ángel M. Chivite
2026-07-29 12:43:24,633 - INFO - Comenzando extracción de información del post
2026-07-29 12:43:24,633 - INFO - Post ya existente, saltando: OBSESSION de Curry Barker
2026-07-29 12:43:24,633 - INFO - Proceso completado. Posts nuevos guardados: 0
