2026-08-14 12:18:40,854 - INFO - Iniciando proceso de scraping
2026-08-14 12:18:40,857 - INFO - Posts existentes encontrados: 2587
2026-08-14 12:18:40,857 - INFO - Intentando obtener posts desde: https://ghostintheblog.com/
2026-08-14 12:18:42,365 - INFO - Se encontraron 10 posts
2026-08-14 12:18:42,366 - INFO - Comenzando extracción de información del post
2026-08-14 12:18:42,366 - INFO - Post ya existente, saltando: MOTHER MARY de David Lowery
2026-08-14 12:18:42,366 - INFO - Comenzando extracción de información del post
2026-08-14 12:18:42,367 - INFO - Post ya existente, saltando: SPIDER-MAN. BRAND NEW DAY de Destin Cretton
2026-08-14 12:18:42,367 - INFO - Comenzando extracción de información del post
2026-08-14 12:18:42,367 - INFO - Post ya existente, saltando: UN SECUESTRO FAMILIAR de Gábor Holtai
2026-08-14 12:18:42,367 - INFO - Comenzando extracción de información del post
2026-08-14 12:18:42,367 - INFO - Post ya existente, saltando: LA ÚLTIMA RONDA EN VENECIA de Francesco Sossai
2026-08-14 12:18:42,367 - INFO - Comenzando extracción de información del post
2026-08-14 12:18:42,367 - INFO - Post ya existente, saltando: EL ANFITRIÓN  de Miguel Ángel Jiménez
2026-08-14 12:18:42,367 - INFO - Comenzando extracción de información del post
2026-08-14 12:18:42,367 - INFO - Post ya existente, saltando: EL MENSAJE de Iván Fund
2026-08-14 12:18:42,367 - INFO - Comenzando extracción de información del post
2026-08-14 12:18:42,367 - INFO - Post ya existente, saltando: LA ODISEA de Christopher Nolan
2026-08-14 12:18:42,367 - INFO - Comenzando extracción de información del post
2026-08-14 12:18:42,368 - INFO - Post ya existente, saltando: UNA COPIA PERFECTA de Jean-Paul Salomé
2026-08-14 12:18:42,368 - INFO - Comenzando extracción de información del post
2026-08-14 12:18:42,368 - INFO - Post ya existente, saltando: LAS CORRIENTES de Milagros Mumenthaler
2026-08-14 12:18:42,368 - INFO - Comenzando extracción de información del post
2026-08-14 12:18:42,368 - INFO - Post ya existente, saltando: OMAHA de Cole Webley
2026-08-14 12:18:42,368 - INFO - Proceso completado. Posts nuevos guardados: 0
