2026-10-08 16:06:53,623 - INFO - Iniciando proceso de scraping
2026-10-08 16:06:53,625 - INFO - Posts existentes encontrados: 2610
2026-10-08 16:06:53,625 - INFO - Intentando obtener posts desde: https://ghostintheblog.com/
2026-10-08 16:06:56,015 - INFO - Se encontraron 10 posts
2026-10-08 16:06:56,016 - INFO - Comenzando extracción de información del post
2026-10-08 16:06:56,017 - WARNING - No se pudo extraer director del título: LA BOLA NEGRA de Los Javis (Javier Calvo y Javier Ambrossi)
2026-10-08 16:06:56,017 - INFO - Post ya existente, saltando: LA BOLA NEGRA de Los Javis (Javier Calvo y Javier Ambrossi)
2026-10-08 16:06:56,017 - INFO - Comenzando extracción de información del post
2026-10-08 16:06:56,017 - INFO - Post ya existente, saltando: EN EL CORAZÓN DE LA BESTIA de David Ayer
2026-10-08 16:06:56,017 - INFO - Comenzando extracción de información del post
2026-10-08 16:06:56,017 - INFO - Post ya existente, saltando: LA ISLA OLVIDADA de Joel Crawford y Januel Mercado
2026-10-08 16:06:56,017 - INFO - Comenzando extracción de información del post
2026-10-08 16:06:56,018 - INFO - Post ya existente, saltando: SUS HIJOS de Pablo Trapero
2026-10-08 16:06:56,018 - INFO - Comenzando extracción de información del post
2026-10-08 16:06:56,018 - INFO - Post ya existente, saltando: TIEMPO DE VICTORIA de Anthony Maras
2026-10-08 16:06:56,018 - INFO - Comenzando extracción de información del post
2026-10-08 16:06:56,018 - INFO - Post ya existente, saltando: COYOTE VS. ACME de Dave Green
2026-10-08 16:06:56,018 - INFO - Comenzando extracción de información del post
2026-10-08 16:06:56,018 - INFO - Post ya existente, saltando: BAD APPLES de Jonatan Etzler
2026-10-08 16:06:56,018 - INFO - Comenzando extracción de información del post
2026-10-08 16:06:56,018 - INFO - Post ya existente, saltando: FORASTERA de Lucía Aleñar Iglesias
2026-10-08 16:06:56,018 - INFO - Comenzando extracción de información del post
2026-10-08 16:06:56,019 - INFO - Post ya existente, saltando: EL LADRÓN DE PERROS de Vinko Tomicic
2026-10-08 16:06:56,019 - INFO - Comenzando extracción de información del post
2026-10-08 16:06:56,019 - INFO - Post ya existente, saltando: CRONOS de Fernando González Molina
2026-10-08 16:06:56,019 - INFO - Proceso completado. Posts nuevos guardados: 0
