2026-09-30 12:08:00,446 - INFO - Iniciando proceso de scraping
2026-09-30 12:08:00,447 - INFO - Posts existentes encontrados: 2607
2026-09-30 12:08:00,447 - INFO - Intentando obtener posts desde: https://ghostintheblog.com/
2026-09-30 12:08:03,571 - INFO - Se encontraron 10 posts
2026-09-30 12:08:03,572 - INFO - Comenzando extracción de información del post
2026-09-30 12:08:03,573 - INFO - Post ya existente, saltando: SUS HIJOS de Pablo Trapero
2026-09-30 12:08:03,573 - INFO - Comenzando extracción de información del post
2026-09-30 12:08:03,573 - INFO - Post ya existente, saltando: TIEMPO DE VICTORIA de Anthony Maras
2026-09-30 12:08:03,573 - INFO - Comenzando extracción de información del post
2026-09-30 12:08:03,573 - INFO - Post ya existente, saltando: COYOTE VS. ACME de Dave Green
2026-09-30 12:08:03,573 - INFO - Comenzando extracción de información del post
2026-09-30 12:08:03,573 - INFO - Post ya existente, saltando: BAD APPLES de Jonatan Etzler
2026-09-30 12:08:03,573 - INFO - Comenzando extracción de información del post
2026-09-30 12:08:03,573 - INFO - Post ya existente, saltando: FORASTERA de Lucía Aleñar Iglesias
2026-09-30 12:08:03,573 - INFO - Comenzando extracción de información del post
2026-09-30 12:08:03,573 - INFO - Post ya existente, saltando: EL LADRÓN DE PERROS de Vinko Tomicic
2026-09-30 12:08:03,573 - INFO - Comenzando extracción de información del post
2026-09-30 12:08:03,573 - INFO - Post ya existente, saltando: CRONOS de Fernando González Molina
2026-09-30 12:08:03,574 - INFO - Comenzando extracción de información del post
2026-09-30 12:08:03,574 - INFO - Post ya existente, saltando: JIM QUEEN de Marco Nguyen y Nicolas Athane
2026-09-30 12:08:03,574 - INFO - Comenzando extracción de información del post
2026-09-30 12:08:03,574 - INFO - Post ya existente, saltando: CINCO SEGUNDOS de Paolo Virzì
2026-09-30 12:08:03,574 - INFO - Comenzando extracción de información del post
2026-09-30 12:08:03,574 - INFO - Post ya existente, saltando: LA CONSTELACIÓN DEL PERRO de Ridley Scott
2026-09-30 12:08:03,574 - INFO - Proceso completado. Posts nuevos guardados: 0
