2026-08-21 08:14:39,703 - INFO - Iniciando proceso de scraping
2026-08-21 08:14:39,705 - INFO - Posts existentes encontrados: 2590
2026-08-21 08:14:39,705 - INFO - Intentando obtener posts desde: https://ghostintheblog.com/
2026-08-21 08:14:41,479 - INFO - Se encontraron 10 posts
2026-08-21 08:14:41,480 - INFO - Comenzando extracción de información del post
2026-08-21 08:14:41,480 - INFO - Post ya existente, saltando: VIVIR LA TIERRA de Huo Meng
2026-08-21 08:14:41,480 - INFO - Comenzando extracción de información del post
2026-08-21 08:14:41,480 - INFO - Post ya existente, saltando: PALESTINA 36 de Annemarie Jacir
2026-08-21 08:14:41,480 - INFO - Comenzando extracción de información del post
2026-08-21 08:14:41,480 - INFO - Post ya existente, saltando: EL AMOR QUE PERMANECE de Hlynur Pálmason
2026-08-21 08:14:41,480 - INFO - Comenzando extracción de información del post
2026-08-21 08:14:41,481 - INFO - Post ya existente, saltando: MOTHER MARY de David Lowery
2026-08-21 08:14:41,481 - INFO - Comenzando extracción de información del post
2026-08-21 08:14:41,481 - INFO - Post ya existente, saltando: SPIDER-MAN. BRAND NEW DAY de Destin Cretton
2026-08-21 08:14:41,481 - INFO - Comenzando extracción de información del post
2026-08-21 08:14:41,481 - INFO - Post ya existente, saltando: UN SECUESTRO FAMILIAR de Gábor Holtai
2026-08-21 08:14:41,481 - INFO - Comenzando extracción de información del post
2026-08-21 08:14:41,481 - INFO - Post ya existente, saltando: LA ÚLTIMA RONDA EN VENECIA de Francesco Sossai
2026-08-21 08:14:41,481 - INFO - Comenzando extracción de información del post
2026-08-21 08:14:41,481 - INFO - Post ya existente, saltando: EL ANFITRIÓN  de Miguel Ángel Jiménez
2026-08-21 08:14:41,481 - INFO - Comenzando extracción de información del post
2026-08-21 08:14:41,482 - INFO - Post ya existente, saltando: EL MENSAJE de Iván Fund
2026-08-21 08:14:41,482 - INFO - Comenzando extracción de información del post
2026-08-21 08:14:41,482 - INFO - Post ya existente, saltando: LA ODISEA de Christopher Nolan
2026-08-21 08:14:41,482 - INFO - Proceso completado. Posts nuevos guardados: 0
