2026-08-13 12:19:06,471 - INFO - Iniciando proceso de scraping
2026-08-13 12:19:06,473 - INFO - Posts existentes encontrados: 2587
2026-08-13 12:19:06,473 - INFO - Intentando obtener posts desde: https://ghostintheblog.com/
2026-08-13 12:19:08,960 - INFO - Se encontraron 10 posts
2026-08-13 12:19:08,961 - INFO - Comenzando extracción de información del post
2026-08-13 12:19:08,961 - INFO - Post ya existente, saltando: MOTHER MARY de David Lowery
2026-08-13 12:19:08,961 - INFO - Comenzando extracción de información del post
2026-08-13 12:19:08,962 - INFO - Post ya existente, saltando: SPIDER-MAN. BRAND NEW DAY de Destin Cretton
2026-08-13 12:19:08,962 - INFO - Comenzando extracción de información del post
2026-08-13 12:19:08,962 - INFO - Post ya existente, saltando: UN SECUESTRO FAMILIAR de Gábor Holtai
2026-08-13 12:19:08,962 - INFO - Comenzando extracción de información del post
2026-08-13 12:19:08,962 - INFO - Post ya existente, saltando: LA ÚLTIMA RONDA EN VENECIA de Francesco Sossai
2026-08-13 12:19:08,962 - INFO - Comenzando extracción de información del post
2026-08-13 12:19:08,962 - INFO - Post ya existente, saltando: EL ANFITRIÓN  de Miguel Ángel Jiménez
2026-08-13 12:19:08,962 - INFO - Comenzando extracción de información del post
2026-08-13 12:19:08,962 - INFO - Post ya existente, saltando: EL MENSAJE de Iván Fund
2026-08-13 12:19:08,962 - INFO - Comenzando extracción de información del post
2026-08-13 12:19:08,962 - INFO - Post ya existente, saltando: LA ODISEA de Christopher Nolan
2026-08-13 12:19:08,962 - INFO - Comenzando extracción de información del post
2026-08-13 12:19:08,962 - INFO - Post ya existente, saltando: UNA COPIA PERFECTA de Jean-Paul Salomé
2026-08-13 12:19:08,963 - INFO - Comenzando extracción de información del post
2026-08-13 12:19:08,963 - INFO - Post ya existente, saltando: LAS CORRIENTES de Milagros Mumenthaler
2026-08-13 12:19:08,963 - INFO - Comenzando extracción de información del post
2026-08-13 12:19:08,963 - INFO - Post ya existente, saltando: OMAHA de Cole Webley
2026-08-13 12:19:08,963 - INFO - Proceso completado. Posts nuevos guardados: 0
