2026-09-29 08:06:55,826 - INFO - Iniciando proceso de scraping
2026-09-29 08:06:55,829 - INFO - Posts existentes encontrados: 2607
2026-09-29 08:06:55,829 - INFO - Intentando obtener posts desde: https://ghostintheblog.com/
2026-09-29 08:06:57,723 - INFO - Se encontraron 10 posts
2026-09-29 08:06:57,724 - INFO - Comenzando extracción de información del post
2026-09-29 08:06:57,725 - INFO - Post ya existente, saltando: SUS HIJOS de Pablo Trapero
2026-09-29 08:06:57,725 - INFO - Comenzando extracción de información del post
2026-09-29 08:06:57,725 - INFO - Post ya existente, saltando: TIEMPO DE VICTORIA de Anthony Maras
2026-09-29 08:06:57,725 - INFO - Comenzando extracción de información del post
2026-09-29 08:06:57,725 - INFO - Post ya existente, saltando: COYOTE VS. ACME de Dave Green
2026-09-29 08:06:57,725 - INFO - Comenzando extracción de información del post
2026-09-29 08:06:57,725 - INFO - Post ya existente, saltando: BAD APPLES de Jonatan Etzler
2026-09-29 08:06:57,725 - INFO - Comenzando extracción de información del post
2026-09-29 08:06:57,725 - INFO - Post ya existente, saltando: FORASTERA de Lucía Aleñar Iglesias
2026-09-29 08:06:57,725 - INFO - Comenzando extracción de información del post
2026-09-29 08:06:57,725 - INFO - Post ya existente, saltando: EL LADRÓN DE PERROS de Vinko Tomicic
2026-09-29 08:06:57,725 - INFO - Comenzando extracción de información del post
2026-09-29 08:06:57,726 - INFO - Post ya existente, saltando: CRONOS de Fernando González Molina
2026-09-29 08:06:57,726 - INFO - Comenzando extracción de información del post
2026-09-29 08:06:57,726 - INFO - Post ya existente, saltando: JIM QUEEN de Marco Nguyen y Nicolas Athane
2026-09-29 08:06:57,726 - INFO - Comenzando extracción de información del post
2026-09-29 08:06:57,726 - INFO - Post ya existente, saltando: CINCO SEGUNDOS de Paolo Virzì
2026-09-29 08:06:57,726 - INFO - Comenzando extracción de información del post
2026-09-29 08:06:57,726 - INFO - Post ya existente, saltando: LA CONSTELACIÓN DEL PERRO de Ridley Scott
2026-09-29 08:06:57,726 - INFO - Proceso completado. Posts nuevos guardados: 0
