2026-10-02 00:10:42,832 - INFO - Iniciando proceso de scraping
2026-10-02 00:10:42,835 - INFO - Posts existentes encontrados: 2607
2026-10-02 00:10:42,835 - INFO - Intentando obtener posts desde: https://ghostintheblog.com/
2026-10-02 00:10:45,272 - INFO - Se encontraron 10 posts
2026-10-02 00:10:45,273 - INFO - Comenzando extracción de información del post
2026-10-02 00:10:45,273 - INFO - Post ya existente, saltando: SUS HIJOS de Pablo Trapero
2026-10-02 00:10:45,273 - INFO - Comenzando extracción de información del post
2026-10-02 00:10:45,273 - INFO - Post ya existente, saltando: TIEMPO DE VICTORIA de Anthony Maras
2026-10-02 00:10:45,273 - INFO - Comenzando extracción de información del post
2026-10-02 00:10:45,273 - INFO - Post ya existente, saltando: COYOTE VS. ACME de Dave Green
2026-10-02 00:10:45,273 - INFO - Comenzando extracción de información del post
2026-10-02 00:10:45,274 - INFO - Post ya existente, saltando: BAD APPLES de Jonatan Etzler
2026-10-02 00:10:45,274 - INFO - Comenzando extracción de información del post
2026-10-02 00:10:45,274 - INFO - Post ya existente, saltando: FORASTERA de Lucía Aleñar Iglesias
2026-10-02 00:10:45,274 - INFO - Comenzando extracción de información del post
2026-10-02 00:10:45,274 - INFO - Post ya existente, saltando: EL LADRÓN DE PERROS de Vinko Tomicic
2026-10-02 00:10:45,274 - INFO - Comenzando extracción de información del post
2026-10-02 00:10:45,274 - INFO - Post ya existente, saltando: CRONOS de Fernando González Molina
2026-10-02 00:10:45,274 - INFO - Comenzando extracción de información del post
2026-10-02 00:10:45,274 - INFO - Post ya existente, saltando: JIM QUEEN de Marco Nguyen y Nicolas Athane
2026-10-02 00:10:45,274 - INFO - Comenzando extracción de información del post
2026-10-02 00:10:45,274 - INFO - Post ya existente, saltando: CINCO SEGUNDOS de Paolo Virzì
2026-10-02 00:10:45,274 - INFO - Comenzando extracción de información del post
2026-10-02 00:10:45,275 - INFO - Post ya existente, saltando: LA CONSTELACIÓN DEL PERRO de Ridley Scott
2026-10-02 00:10:45,275 - INFO - Proceso completado. Posts nuevos guardados: 0
