2026-09-27 22:15:14,253 - INFO - Iniciando proceso de scraping
2026-09-27 22:15:14,256 - INFO - Posts existentes encontrados: 2604
2026-09-27 22:15:14,256 - INFO - Intentando obtener posts desde: https://ghostintheblog.com/
2026-09-27 22:15:16,505 - INFO - Se encontraron 10 posts
2026-09-27 22:15:16,506 - INFO - Comenzando extracción de información del post
2026-09-27 22:15:16,507 - INFO - Título del post: SUS HIJOS de Pablo Trapero
2026-09-27 22:15:16,507 - INFO - Fecha del post: 2026-09-28T00:13:46+02:00
2026-09-27 22:15:16,507 - INFO - Obteniendo contenido completo de: https://ghostintheblog.com/sus-hijos-de-pablo-trapero/
2026-09-27 22:15:19,005 - INFO - Contenido extraído y estructurado (4400 caracteres)
2026-09-27 22:15:19,006 - INFO - Guardando post en: posts/SUS_HIJOS_2026-09-28.json
2026-09-27 22:15:19,006 - INFO - Post guardado exitosamente
2026-09-27 22:15:19,006 - INFO - Actualizando índice de películas
2026-09-27 22:15:19,006 - INFO - Archivo de índice: /home/runner/work/scrapingcines/scrapingcines/index.json
2026-09-27 22:15:19,011 - INFO - Índice existente cargado con 2701 películas
2026-09-27 22:15:19,023 - INFO - Película agregada al índice: SUS HIJOS
2026-09-27 22:15:19,024 - INFO - Nuevo post guardado: SUS HIJOS de Pablo Trapero
2026-09-27 22:15:19,024 - INFO - Comenzando extracción de información del post
2026-09-27 22:15:19,024 - INFO - Título del post: TIEMPO DE VICTORIA de Anthony Maras
2026-09-27 22:15:19,024 - INFO - Fecha del post: 2026-09-28T00:05:25+02:00
2026-09-27 22:15:19,024 - INFO - Obteniendo contenido completo de: https://ghostintheblog.com/tiempo-de-victoria-la-meteorologia-que-decidio-el-dia-d/
2026-09-27 22:15:21,338 - INFO - Contenido extraído y estructurado (2841 caracteres)
2026-09-27 22:15:21,340 - INFO - Guardando post en: posts/TIEMPO_DE_VICTORIA_2026-09-28.json
2026-09-27 22:15:21,340 - INFO - Post guardado exitosamente
2026-09-27 22:15:21,340 - INFO - Actualizando índice de películas
2026-09-27 22:15:21,340 - INFO - Archivo de índice: /home/runner/work/scrapingcines/scrapingcines/index.json
2026-09-27 22:15:21,345 - INFO - Índice existente cargado con 2702 películas
2026-09-27 22:15:21,358 - INFO - Película agregada al índice: TIEMPO DE VICTORIA
2026-09-27 22:15:21,358 - INFO - Nuevo post guardado: TIEMPO DE VICTORIA de Anthony Maras
2026-09-27 22:15:21,358 - INFO - Comenzando extracción de información del post
2026-09-27 22:15:21,359 - INFO - Título del post: COYOTE VS. ACME de Dave Green
2026-09-27 22:15:21,359 - INFO - Fecha del post: 2026-09-27T23:57:10+02:00
2026-09-27 22:15:21,359 - INFO - Obteniendo contenido completo de: https://ghostintheblog.com/coyote-vs-acme-el-coyote-demanda-a-acme/
2026-09-27 22:15:24,216 - INFO - Contenido extraído y estructurado (2546 caracteres)
2026-09-27 22:15:24,217 - INFO - Guardando post en: posts/COYOTE_VS._ACME_2026-09-27.json
2026-09-27 22:15:24,217 - INFO - Post guardado exitosamente
2026-09-27 22:15:24,217 - INFO - Actualizando índice de películas
2026-09-27 22:15:24,217 - INFO - Archivo de índice: /home/runner/work/scrapingcines/scrapingcines/index.json
2026-09-27 22:15:24,221 - INFO - Índice existente cargado con 2703 películas
2026-09-27 22:15:24,233 - INFO - Película agregada al índice: COYOTE VS. ACME
2026-09-27 22:15:24,233 - INFO - Nuevo post guardado: COYOTE VS. ACME de Dave Green
2026-09-27 22:15:24,233 - INFO - Comenzando extracción de información del post
2026-09-27 22:15:24,234 - INFO - Post ya existente, saltando: BAD APPLES de Jonatan Etzler
2026-09-27 22:15:24,234 - INFO - Comenzando extracción de información del post
2026-09-27 22:15:24,234 - INFO - Post ya existente, saltando: FORASTERA de Lucía Aleñar Iglesias
2026-09-27 22:15:24,234 - INFO - Comenzando extracción de información del post
2026-09-27 22:15:24,234 - INFO - Post ya existente, saltando: EL LADRÓN DE PERROS de Vinko Tomicic
2026-09-27 22:15:24,234 - INFO - Comenzando extracción de información del post
2026-09-27 22:15:24,234 - INFO - Post ya existente, saltando: CRONOS de Fernando González Molina
2026-09-27 22:15:24,235 - INFO - Comenzando extracción de información del post
2026-09-27 22:15:24,235 - INFO - Post ya existente, saltando: JIM QUEEN de Marco Nguyen y Nicolas Athane
2026-09-27 22:15:24,235 - INFO - Comenzando extracción de información del post
2026-09-27 22:15:24,235 - INFO - Post ya existente, saltando: CINCO SEGUNDOS de Paolo Virzì
2026-09-27 22:15:24,235 - INFO - Comenzando extracción de información del post
2026-09-27 22:15:24,235 - INFO - Post ya existente, saltando: LA CONSTELACIÓN DEL PERRO de Ridley Scott
2026-09-27 22:15:24,235 - INFO - Proceso completado. Posts nuevos guardados: 3
