2026-10-07 04:06:58,925 - INFO - Iniciando proceso de scraping
2026-10-07 04:06:58,926 - INFO - Posts existentes encontrados: 2610
2026-10-07 04:06:58,927 - INFO - Intentando obtener posts desde: https://ghostintheblog.com/
2026-10-07 04:07:00,706 - INFO - Se encontraron 10 posts
2026-10-07 04:07:00,707 - INFO - Comenzando extracción de información del post
2026-10-07 04:07:00,707 - WARNING - No se pudo extraer director del título: LA BOLA NEGRA de Los Javis (Javier Calvo y Javier Ambrossi)
2026-10-07 04:07:00,707 - INFO - Post ya existente, saltando: LA BOLA NEGRA de Los Javis (Javier Calvo y Javier Ambrossi)
2026-10-07 04:07:00,707 - INFO - Comenzando extracción de información del post
2026-10-07 04:07:00,707 - INFO - Post ya existente, saltando: EN EL CORAZÓN DE LA BESTIA de David Ayer
2026-10-07 04:07:00,708 - INFO - Comenzando extracción de información del post
2026-10-07 04:07:00,708 - INFO - Post ya existente, saltando: LA ISLA OLVIDADA de Joel Crawford y Januel Mercado
2026-10-07 04:07:00,708 - INFO - Comenzando extracción de información del post
2026-10-07 04:07:00,708 - INFO - Post ya existente, saltando: SUS HIJOS de Pablo Trapero
2026-10-07 04:07:00,708 - INFO - Comenzando extracción de información del post
2026-10-07 04:07:00,708 - INFO - Post ya existente, saltando: TIEMPO DE VICTORIA de Anthony Maras
2026-10-07 04:07:00,708 - INFO - Comenzando extracción de información del post
2026-10-07 04:07:00,708 - INFO - Post ya existente, saltando: COYOTE VS. ACME de Dave Green
2026-10-07 04:07:00,708 - INFO - Comenzando extracción de información del post
2026-10-07 04:07:00,708 - INFO - Post ya existente, saltando: BAD APPLES de Jonatan Etzler
2026-10-07 04:07:00,708 - INFO - Comenzando extracción de información del post
2026-10-07 04:07:00,708 - INFO - Post ya existente, saltando: FORASTERA de Lucía Aleñar Iglesias
2026-10-07 04:07:00,708 - INFO - Comenzando extracción de información del post
2026-10-07 04:07:00,709 - INFO - Post ya existente, saltando: EL LADRÓN DE PERROS de Vinko Tomicic
2026-10-07 04:07:00,709 - INFO - Comenzando extracción de información del post
2026-10-07 04:07:00,709 - INFO - Post ya existente, saltando: CRONOS de Fernando González Molina
2026-10-07 04:07:00,709 - INFO - Proceso completado. Posts nuevos guardados: 0
