2026-09-13 10:11:09,606 - INFO - Iniciando proceso de scraping
2026-09-13 10:11:09,608 - INFO - Posts existentes encontrados: 2598
2026-09-13 10:11:09,608 - INFO - Intentando obtener posts desde: https://ghostintheblog.com/
2026-09-13 10:11:11,724 - INFO - Se encontraron 10 posts
2026-09-13 10:11:11,725 - INFO - Comenzando extracción de información del post
2026-09-13 10:11:11,726 - INFO - Título del post: CRONOS de Fernando González Molina
2026-09-13 10:11:11,726 - INFO - Fecha del post: 2026-09-13T11:15:42+02:00
2026-09-13 10:11:11,726 - INFO - Obteniendo contenido completo de: https://ghostintheblog.com/critica-cronos-fernando-gonzalez-molina/
2026-09-13 10:11:13,807 - INFO - Contenido extraído y estructurado (4542 caracteres)
2026-09-13 10:11:13,808 - INFO - Guardando post en: posts/CRONOS_2026-09-13.json
2026-09-13 10:11:13,808 - INFO - Post guardado exitosamente
2026-09-13 10:11:13,808 - INFO - Actualizando índice de películas
2026-09-13 10:11:13,808 - INFO - Archivo de índice: /home/runner/work/scrapingcines/scrapingcines/index.json
2026-09-13 10:11:13,812 - INFO - Índice existente cargado con 2695 películas
2026-09-13 10:11:13,823 - INFO - Película agregada al índice: CRONOS
2026-09-13 10:11:13,823 - INFO - Nuevo post guardado: CRONOS de Fernando González Molina
2026-09-13 10:11:13,823 - INFO - Comenzando extracción de información del post
2026-09-13 10:11:13,823 - INFO - Título del post: JIM QUEEN de Marco Nguyen y Nicolas Athane
2026-09-13 10:11:13,823 - INFO - Fecha del post: 2026-09-13T10:58:41+02:00
2026-09-13 10:11:13,823 - INFO - Obteniendo contenido completo de: https://ghostintheblog.com/critica-jim-queen-marco-nguyen-nicolas-athane/
2026-09-13 10:11:15,887 - INFO - Contenido extraído y estructurado (2766 caracteres)
2026-09-13 10:11:15,888 - INFO - Guardando post en: posts/JIM_QUEEN_2026-09-13.json
2026-09-13 10:11:15,888 - INFO - Post guardado exitosamente
2026-09-13 10:11:15,888 - INFO - Actualizando índice de películas
2026-09-13 10:11:15,888 - INFO - Archivo de índice: /home/runner/work/scrapingcines/scrapingcines/index.json
2026-09-13 10:11:15,891 - INFO - Índice existente cargado con 2696 películas
2026-09-13 10:11:15,900 - INFO - Película agregada al índice: JIM QUEEN
2026-09-13 10:11:15,901 - INFO - Nuevo post guardado: JIM QUEEN de Marco Nguyen y Nicolas Athane
2026-09-13 10:11:15,901 - INFO - Comenzando extracción de información del post
2026-09-13 10:11:15,901 - INFO - Título del post: CINCO SEGUNDOS de Paolo Virzì
2026-09-13 10:11:15,901 - INFO - Fecha del post: 2026-09-13T10:49:55+02:00
2026-09-13 10:11:15,901 - INFO - Obteniendo contenido completo de: https://ghostintheblog.com/critica-cinque-secondi-paolo-virzi/
2026-09-13 10:11:17,720 - INFO - Contenido extraído y estructurado (2637 caracteres)
2026-09-13 10:11:17,721 - INFO - Guardando post en: posts/CINCO_SEGUNDOS_2026-09-13.json
2026-09-13 10:11:17,721 - INFO - Post guardado exitosamente
2026-09-13 10:11:17,721 - INFO - Actualizando índice de películas
2026-09-13 10:11:17,721 - INFO - Archivo de índice: /home/runner/work/scrapingcines/scrapingcines/index.json
2026-09-13 10:11:17,724 - INFO - Índice existente cargado con 2697 películas
2026-09-13 10:11:17,733 - INFO - Película agregada al índice: CINCO SEGUNDOS
2026-09-13 10:11:17,734 - INFO - Nuevo post guardado: CINCO SEGUNDOS de Paolo Virzì
2026-09-13 10:11:17,734 - INFO - Comenzando extracción de información del post
2026-09-13 10:11:17,734 - INFO - Post ya existente, saltando: LA CONSTELACIÓN DEL PERRO de Ridley Scott
2026-09-13 10:11:17,734 - INFO - Comenzando extracción de información del post
2026-09-13 10:11:17,734 - INFO - Post ya existente, saltando: UNA NOCHE AL AÑO de Will Gluck
2026-09-13 10:11:17,734 - INFO - Comenzando extracción de información del post
2026-09-13 10:11:17,734 - INFO - Post ya existente, saltando: ERUPCJA de Pete Ohs
2026-09-13 10:11:17,734 - INFO - Comenzando extracción de información del post
2026-09-13 10:11:17,734 - INFO - Post ya existente, saltando: EL SER QUERIDO de Rodrigo Sorogoyen
2026-09-13 10:11:17,734 - INFO - Comenzando extracción de información del post
2026-09-13 10:11:17,734 - INFO - Post ya existente, saltando: EL CORO DE PRAGA de Ondřej Provazník
2026-09-13 10:11:17,734 - INFO - Comenzando extracción de información del post
2026-09-13 10:11:17,734 - INFO - Post ya existente, saltando: PROMETIDO EL CIELO de Erige Sehiri
2026-09-13 10:11:17,735 - INFO - Comenzando extracción de información del post
2026-09-13 10:11:17,735 - INFO - Post ya existente, saltando: EL FINAL DE OAK STREET de David Robert Mitchell
2026-09-13 10:11:17,735 - INFO - Proceso completado. Posts nuevos guardados: 3
