2026-08-19 12:09:02,191 - INFO - Iniciando proceso de scraping
2026-08-19 12:09:02,193 - INFO - Posts existentes encontrados: 2590
2026-08-19 12:09:02,193 - INFO - Intentando obtener posts desde: https://ghostintheblog.com/
2026-08-19 12:09:03,623 - INFO - Se encontraron 10 posts
2026-08-19 12:09:03,624 - INFO - Comenzando extracción de información del post
2026-08-19 12:09:03,624 - INFO - Post ya existente, saltando: VIVIR LA TIERRA de Huo Meng
2026-08-19 12:09:03,624 - INFO - Comenzando extracción de información del post
2026-08-19 12:09:03,624 - INFO - Post ya existente, saltando: PALESTINA 36 de Annemarie Jacir
2026-08-19 12:09:03,625 - INFO - Comenzando extracción de información del post
2026-08-19 12:09:03,625 - INFO - Post ya existente, saltando: EL AMOR QUE PERMANECE de Hlynur Pálmason
2026-08-19 12:09:03,625 - INFO - Comenzando extracción de información del post
2026-08-19 12:09:03,625 - INFO - Post ya existente, saltando: MOTHER MARY de David Lowery
2026-08-19 12:09:03,625 - INFO - Comenzando extracción de información del post
2026-08-19 12:09:03,625 - INFO - Post ya existente, saltando: SPIDER-MAN. BRAND NEW DAY de Destin Cretton
2026-08-19 12:09:03,625 - INFO - Comenzando extracción de información del post
2026-08-19 12:09:03,625 - INFO - Post ya existente, saltando: UN SECUESTRO FAMILIAR de Gábor Holtai
2026-08-19 12:09:03,625 - INFO - Comenzando extracción de información del post
2026-08-19 12:09:03,626 - INFO - Post ya existente, saltando: LA ÚLTIMA RONDA EN VENECIA de Francesco Sossai
2026-08-19 12:09:03,626 - INFO - Comenzando extracción de información del post
2026-08-19 12:09:03,626 - INFO - Post ya existente, saltando: EL ANFITRIÓN  de Miguel Ángel Jiménez
2026-08-19 12:09:03,626 - INFO - Comenzando extracción de información del post
2026-08-19 12:09:03,626 - INFO - Post ya existente, saltando: EL MENSAJE de Iván Fund
2026-08-19 12:09:03,626 - INFO - Comenzando extracción de información del post
2026-08-19 12:09:03,626 - INFO - Post ya existente, saltando: LA ODISEA de Christopher Nolan
2026-08-19 12:09:03,626 - INFO - Proceso completado. Posts nuevos guardados: 0
