2026-07-27 09:09:23,892 - INFO - Iniciando proceso de scraping
2026-07-27 09:09:23,894 - INFO - Posts existentes encontrados: 2580
2026-07-27 09:09:23,894 - INFO - Intentando obtener posts desde: https://ghostintheblog.com/
2026-07-27 09:09:25,641 - INFO - Se encontraron 10 posts
2026-07-27 09:09:25,642 - INFO - Comenzando extracción de información del post
2026-07-27 09:09:25,642 - INFO - Post ya existente, saltando: LA ODISEA de Christopher Nolan
2026-07-27 09:09:25,642 - INFO - Comenzando extracción de información del post
2026-07-27 09:09:25,642 - INFO - Post ya existente, saltando: UNA COPIA PERFECTA de Jean-Paul Salomé
2026-07-27 09:09:25,642 - INFO - Comenzando extracción de información del post
2026-07-27 09:09:25,643 - INFO - Post ya existente, saltando: LAS CORRIENTES de Milagros Mumenthaler
2026-07-27 09:09:25,643 - INFO - Comenzando extracción de información del post
2026-07-27 09:09:25,643 - INFO - Post ya existente, saltando: OMAHA de Cole Webley
2026-07-27 09:09:25,643 - INFO - Comenzando extracción de información del post
2026-07-27 09:09:25,643 - INFO - Post ya existente, saltando: MAGALLANES de Lav Diaz
2026-07-27 09:09:25,643 - INFO - Comenzando extracción de información del post
2026-07-27 09:09:25,643 - INFO - Post ya existente, saltando: EN EL CAMINO de David Pablos
2026-07-27 09:09:25,643 - INFO - Comenzando extracción de información del post
2026-07-27 09:09:25,643 - INFO - Post ya existente, saltando: LA MUERTE DE ROBIN HOOD de Michael Sarnoski
2026-07-27 09:09:25,643 - INFO - Comenzando extracción de información del post
2026-07-27 09:09:25,643 - INFO - Post ya existente, saltando: LOS MÚSICOS de Grégory Magne
2026-07-27 09:09:25,643 - INFO - Comenzando extracción de información del post
2026-07-27 09:09:25,644 - INFO - Post ya existente, saltando: EL CONVENTO de Luis Galindo y Ángel M. Chivite
2026-07-27 09:09:25,644 - INFO - Comenzando extracción de información del post
2026-07-27 09:09:25,644 - INFO - Post ya existente, saltando: OBSESSION de Curry Barker
2026-07-27 09:09:25,644 - INFO - Proceso completado. Posts nuevos guardados: 0
