2026-10-10 00:10:27,801 - INFO - Iniciando proceso de scraping
2026-10-10 00:10:27,803 - INFO - Posts existentes encontrados: 2610
2026-10-10 00:10:27,803 - INFO - Intentando obtener posts desde: https://ghostintheblog.com/
2026-10-10 00:10:30,025 - INFO - Se encontraron 10 posts
2026-10-10 00:10:30,026 - INFO - Comenzando extracción de información del post
2026-10-10 00:10:30,026 - WARNING - No se pudo extraer director del título: LA BOLA NEGRA de Los Javis (Javier Calvo y Javier Ambrossi)
2026-10-10 00:10:30,026 - INFO - Post ya existente, saltando: LA BOLA NEGRA de Los Javis (Javier Calvo y Javier Ambrossi)
2026-10-10 00:10:30,027 - INFO - Comenzando extracción de información del post
2026-10-10 00:10:30,027 - INFO - Post ya existente, saltando: EN EL CORAZÓN DE LA BESTIA de David Ayer
2026-10-10 00:10:30,027 - INFO - Comenzando extracción de información del post
2026-10-10 00:10:30,027 - INFO - Post ya existente, saltando: LA ISLA OLVIDADA de Joel Crawford y Januel Mercado
2026-10-10 00:10:30,027 - INFO - Comenzando extracción de información del post
2026-10-10 00:10:30,027 - INFO - Post ya existente, saltando: SUS HIJOS de Pablo Trapero
2026-10-10 00:10:30,027 - INFO - Comenzando extracción de información del post
2026-10-10 00:10:30,027 - INFO - Post ya existente, saltando: TIEMPO DE VICTORIA de Anthony Maras
2026-10-10 00:10:30,027 - INFO - Comenzando extracción de información del post
2026-10-10 00:10:30,028 - INFO - Post ya existente, saltando: COYOTE VS. ACME de Dave Green
2026-10-10 00:10:30,028 - INFO - Comenzando extracción de información del post
2026-10-10 00:10:30,028 - INFO - Post ya existente, saltando: BAD APPLES de Jonatan Etzler
2026-10-10 00:10:30,028 - INFO - Comenzando extracción de información del post
2026-10-10 00:10:30,028 - INFO - Post ya existente, saltando: FORASTERA de Lucía Aleñar Iglesias
2026-10-10 00:10:30,028 - INFO - Comenzando extracción de información del post
2026-10-10 00:10:30,028 - INFO - Post ya existente, saltando: EL LADRÓN DE PERROS de Vinko Tomicic
2026-10-10 00:10:30,028 - INFO - Comenzando extracción de información del post
2026-10-10 00:10:30,028 - INFO - Post ya existente, saltando: CRONOS de Fernando González Molina
2026-10-10 00:10:30,029 - INFO - Proceso completado. Posts nuevos guardados: 0
