2026-08-21 20:06:24,433 - INFO - Iniciando proceso de scraping
2026-08-21 20:06:24,435 - INFO - Posts existentes encontrados: 2590
2026-08-21 20:06:24,435 - INFO - Intentando obtener posts desde: https://ghostintheblog.com/
2026-08-21 20:06:26,096 - INFO - Se encontraron 10 posts
2026-08-21 20:06:26,097 - INFO - Comenzando extracción de información del post
2026-08-21 20:06:26,098 - INFO - Título del post: EL FINAL DE OAK STREET de David Robert Mitchell
2026-08-21 20:06:26,098 - INFO - Fecha del post: 2026-08-21T19:45:00+02:00
2026-08-21 20:06:26,098 - INFO - Obteniendo contenido completo de: https://ghostintheblog.com/el-final-de-oak-street-david-robert-mitchell/
2026-08-21 20:06:27,830 - INFO - Contenido extraído y estructurado (4605 caracteres)
2026-08-21 20:06:27,832 - INFO - Guardando post en: posts/EL_FINAL_DE_OAK_STREET_2026-08-21.json
2026-08-21 20:06:27,832 - INFO - Post guardado exitosamente
2026-08-21 20:06:27,832 - INFO - Actualizando índice de películas
2026-08-21 20:06:27,832 - INFO - Archivo de índice: /home/runner/work/scrapingcines/scrapingcines/index.json
2026-08-21 20:06:27,837 - INFO - Índice existente cargado con 2687 películas
2026-08-21 20:06:27,850 - INFO - Película agregada al índice: EL FINAL DE OAK STREET
2026-08-21 20:06:27,850 - INFO - Nuevo post guardado: EL FINAL DE OAK STREET de David Robert Mitchell
2026-08-21 20:06:27,850 - INFO - Comenzando extracción de información del post
2026-08-21 20:06:27,851 - INFO - Título del post: ESTE / OESTE de Natja Brunckhorst
2026-08-21 20:06:27,851 - INFO - Fecha del post: 2026-08-21T19:35:00+02:00
2026-08-21 20:06:27,851 - INFO - Obteniendo contenido completo de: https://ghostintheblog.com/este-oeste-natja-brunckhorst/
2026-08-21 20:06:29,642 - INFO - Contenido extraído y estructurado (2478 caracteres)
2026-08-21 20:06:29,643 - INFO - Guardando post en: posts/ESTE_/_OESTE_2026-08-21.json
2026-08-21 20:06:29,644 - ERROR - Error guardando post: [Errno 2] No such file or directory: 'posts/ESTE_/_OESTE_2026-08-21.json'
2026-08-21 20:06:29,644 - INFO - Nuevo post guardado: ESTE / OESTE de Natja Brunckhorst
2026-08-21 20:06:29,644 - INFO - Comenzando extracción de información del post
2026-08-21 20:06:29,644 - INFO - Título del post: SIRI HUSTVEDT, LA DANZA DEL YO de Sabine Lidl
2026-08-21 20:06:29,644 - INFO - Fecha del post: 2026-08-21T19:30:00+02:00
2026-08-21 20:06:29,644 - INFO - Obteniendo contenido completo de: https://ghostintheblog.com/critica-de-siri-hustvedt-la-danza-del-yo-de-sabine-lidl/
2026-08-21 20:06:31,289 - INFO - Contenido extraído y estructurado (2832 caracteres)
2026-08-21 20:06:31,290 - INFO - Guardando post en: posts/SIRI_HUSTVEDT,_LA_DANZA_DEL_YO_2026-08-21.json
2026-08-21 20:06:31,290 - INFO - Post guardado exitosamente
2026-08-21 20:06:31,290 - INFO - Actualizando índice de películas
2026-08-21 20:06:31,290 - INFO - Archivo de índice: /home/runner/work/scrapingcines/scrapingcines/index.json
2026-08-21 20:06:31,294 - INFO - Índice existente cargado con 2688 películas
2026-08-21 20:06:31,307 - INFO - Película agregada al índice: SIRI HUSTVEDT, LA DANZA DEL YO
2026-08-21 20:06:31,307 - INFO - Nuevo post guardado: SIRI HUSTVEDT, LA DANZA DEL YO de Sabine Lidl
2026-08-21 20:06:31,307 - INFO - Comenzando extracción de información del post
2026-08-21 20:06:31,307 - INFO - Post ya existente, saltando: VIVIR LA TIERRA de Huo Meng
2026-08-21 20:06:31,307 - INFO - Comenzando extracción de información del post
2026-08-21 20:06:31,307 - INFO - Post ya existente, saltando: PALESTINA 36 de Annemarie Jacir
2026-08-21 20:06:31,307 - INFO - Comenzando extracción de información del post
2026-08-21 20:06:31,307 - INFO - Post ya existente, saltando: EL AMOR QUE PERMANECE de Hlynur Pálmason
2026-08-21 20:06:31,308 - INFO - Comenzando extracción de información del post
2026-08-21 20:06:31,308 - INFO - Post ya existente, saltando: MOTHER MARY de David Lowery
2026-08-21 20:06:31,308 - INFO - Comenzando extracción de información del post
2026-08-21 20:06:31,308 - INFO - Post ya existente, saltando: SPIDER-MAN. BRAND NEW DAY de Destin Cretton
2026-08-21 20:06:31,308 - INFO - Comenzando extracción de información del post
2026-08-21 20:06:31,308 - INFO - Post ya existente, saltando: UN SECUESTRO FAMILIAR de Gábor Holtai
2026-08-21 20:06:31,308 - INFO - Comenzando extracción de información del post
2026-08-21 20:06:31,308 - INFO - Post ya existente, saltando: LA ÚLTIMA RONDA EN VENECIA de Francesco Sossai
2026-08-21 20:06:31,308 - INFO - Proceso completado. Posts nuevos guardados: 3
