2026-08-03 00:35:54,630 - INFO - Iniciando proceso de scraping
2026-08-03 00:35:54,633 - INFO - Posts existentes encontrados: 2580
2026-08-03 00:35:54,633 - INFO - Intentando obtener posts desde: https://ghostintheblog.com/
2026-08-03 00:35:56,195 - INFO - Se encontraron 10 posts
2026-08-03 00:35:56,196 - INFO - Comenzando extracción de información del post
2026-08-03 00:35:56,197 - INFO - Título del post: LA ÚLTIMA RONDA EN VENECIA de Francesco Sossai
2026-08-03 00:35:56,197 - INFO - Fecha del post: 2026-08-03T01:38:49+02:00
2026-08-03 00:35:56,197 - INFO - Obteniendo contenido completo de: https://ghostintheblog.com/la-ultima-ronda-en-venecia-de-francesco-sossai/
2026-08-03 00:35:57,893 - INFO - Contenido extraído y estructurado (4625 caracteres)
2026-08-03 00:35:57,895 - INFO - Guardando post en: posts/LA_ÚLTIMA_RONDA_EN_VENECIA_2026-08-03.json
2026-08-03 00:35:57,895 - INFO - Post guardado exitosamente
2026-08-03 00:35:57,895 - INFO - Actualizando índice de películas
2026-08-03 00:35:57,895 - INFO - Archivo de índice: /home/runner/work/scrapingcines/scrapingcines/index.json
2026-08-03 00:35:57,899 - INFO - Índice existente cargado con 2677 películas
2026-08-03 00:35:57,911 - INFO - Película agregada al índice: LA ÚLTIMA RONDA EN VENECIA
2026-08-03 00:35:57,912 - INFO - Nuevo post guardado: LA ÚLTIMA RONDA EN VENECIA de Francesco Sossai
2026-08-03 00:35:57,912 - INFO - Comenzando extracción de información del post
2026-08-03 00:35:57,912 - INFO - Título del post: EL ANFITRIÓN  de Miguel Ángel Jiménez
2026-08-03 00:35:57,912 - INFO - Fecha del post: 2026-08-03T01:31:44+02:00
2026-08-03 00:35:57,912 - INFO - Obteniendo contenido completo de: https://ghostintheblog.com/el-anfitrion-de-miguel-angel-jimenez/
2026-08-03 00:35:59,647 - INFO - Contenido extraído y estructurado (2614 caracteres)
2026-08-03 00:35:59,648 - INFO - Guardando post en: posts/EL_ANFITRIÓN_2026-08-03.json
2026-08-03 00:35:59,648 - INFO - Post guardado exitosamente
2026-08-03 00:35:59,648 - INFO - Actualizando índice de películas
2026-08-03 00:35:59,648 - INFO - Archivo de índice: /home/runner/work/scrapingcines/scrapingcines/index.json
2026-08-03 00:35:59,652 - INFO - Índice existente cargado con 2678 películas
2026-08-03 00:35:59,664 - INFO - Película agregada al índice: EL ANFITRIÓN
2026-08-03 00:35:59,664 - INFO - Nuevo post guardado: EL ANFITRIÓN  de Miguel Ángel Jiménez
2026-08-03 00:35:59,665 - INFO - Comenzando extracción de información del post
2026-08-03 00:35:59,665 - INFO - Título del post: EL MENSAJE de Iván Fund
2026-08-03 00:35:59,665 - INFO - Fecha del post: 2026-08-03T01:23:03+02:00
2026-08-03 00:35:59,665 - INFO - Obteniendo contenido completo de: https://ghostintheblog.com/el-mensaje-de-ivan-fund/
2026-08-03 00:36:01,479 - INFO - Contenido extraído y estructurado (2797 caracteres)
2026-08-03 00:36:01,480 - INFO - Guardando post en: posts/EL_MENSAJE_2026-08-03.json
2026-08-03 00:36:01,480 - INFO - Post guardado exitosamente
2026-08-03 00:36:01,480 - INFO - Actualizando índice de películas
2026-08-03 00:36:01,480 - INFO - Archivo de índice: /home/runner/work/scrapingcines/scrapingcines/index.json
2026-08-03 00:36:01,484 - INFO - Índice existente cargado con 2679 películas
2026-08-03 00:36:01,496 - INFO - Película agregada al índice: EL MENSAJE
2026-08-03 00:36:01,497 - INFO - Nuevo post guardado: EL MENSAJE de Iván Fund
2026-08-03 00:36:01,497 - INFO - Comenzando extracción de información del post
2026-08-03 00:36:01,497 - INFO - Post ya existente, saltando: LA ODISEA de Christopher Nolan
2026-08-03 00:36:01,497 - INFO - Comenzando extracción de información del post
2026-08-03 00:36:01,497 - INFO - Post ya existente, saltando: UNA COPIA PERFECTA de Jean-Paul Salomé
2026-08-03 00:36:01,497 - INFO - Comenzando extracción de información del post
2026-08-03 00:36:01,497 - INFO - Post ya existente, saltando: LAS CORRIENTES de Milagros Mumenthaler
2026-08-03 00:36:01,497 - INFO - Comenzando extracción de información del post
2026-08-03 00:36:01,497 - INFO - Post ya existente, saltando: OMAHA de Cole Webley
2026-08-03 00:36:01,498 - INFO - Comenzando extracción de información del post
2026-08-03 00:36:01,498 - INFO - Post ya existente, saltando: MAGALLANES de Lav Diaz
2026-08-03 00:36:01,498 - INFO - Comenzando extracción de información del post
2026-08-03 00:36:01,498 - INFO - Post ya existente, saltando: EN EL CAMINO de David Pablos
2026-08-03 00:36:01,498 - INFO - Comenzando extracción de información del post
2026-08-03 00:36:01,498 - INFO - Post ya existente, saltando: LA MUERTE DE ROBIN HOOD de Michael Sarnoski
2026-08-03 00:36:01,498 - INFO - Proceso completado. Posts nuevos guardados: 3
